Component: ARM Compiler 5.05 update 1 (build 106) Tool: armlink [4d0efa]

==============================================================================

Section Cross References

    main.o(.text) refers to timer.o(.text) for TIM3_Int_Init
    main.o(.text) refers to usart3.o(.text) for usart3_init
    main.o(.text) refers to gizwits_protocol.o(.text) for gizwitsInit
    main.o(.text) refers to stm32f10x_gpio.o(.text) for GPIO_ResetBits
    main.o(.text) refers to lcd.o(.text) for LCD_ShowNum
    main.o(.text) refers to delay.o(.text) for delay_init
    main.o(.text) refers to misc.o(.text) for NVIC_PriorityGroupConfig
    main.o(.text) refers to usart.o(.text) for uart_init
    main.o(.text) refers to led.o(.text) for LED_Init
    main.o(.text) refers to lsens.o(.text) for Lsens_Init
    main.o(.text) refers to rtc.o(.text) for RTC_Init
    main.o(.text) refers to system_stm32f10x.o(.text) for SystemInit
    main.o(.text) refers to body_hw.o(.text) for BODY_HW_Init
    main.o(.text) refers to gizwits_product.o(.text) for userInit
    main.o(.text) refers to gizwits_product.o(.bss) for currentDataPoint
    main.o(.text) refers to rtc.o(.bss) for calendar
    main.o(.text) refers to main.o(.data) for light_value
    main.o(.text) refers to lcd.o(.data) for POINT_COLOR
    system_stm32f10x.o(.text) refers to system_stm32f10x.o(.data) for SystemCoreClock
    led.o(.text) refers to stm32f10x_rcc.o(.text) for RCC_APB2PeriphClockCmd
    led.o(.text) refers to stm32f10x_gpio.o(.text) for GPIO_Init
    adc.o(.text) refers to stm32f10x_rcc.o(.text) for RCC_APB2PeriphClockCmd
    adc.o(.text) refers to stm32f10x_adc.o(.text) for ADC_DeInit
    adc.o(.text) refers to delay.o(.text) for delay_ms
    adc.o(.text) refers to fflt_clz.o(x$fpl$ffltu) for __aeabi_ui2f
    adc.o(.text) refers to f2d.o(x$fpl$f2d) for __aeabi_f2d
    adc.o(.text) refers to dmul.o(x$fpl$dmul) for __aeabi_dmul
    adc.o(.text) refers to daddsub_clz.o(x$fpl$dsub) for __aeabi_dsub
    adc.o(.text) refers to ddiv.o(x$fpl$ddiv) for __aeabi_ddiv
    adc.o(.text) refers to daddsub_clz.o(x$fpl$dadd) for __aeabi_dadd
    adc.o(.text) refers to dfix.o(x$fpl$dfix) for __aeabi_d2iz
    key.o(.text) refers to stm32f10x_rcc.o(.text) for RCC_APB2PeriphClockCmd
    key.o(.text) refers to stm32f10x_gpio.o(.text) for GPIO_Init
    key.o(.text) refers to delay.o(.text) for delay_ms
    key.o(.text) refers to key.o(.data) for key_up
    lcd.o(.text) refers to _printf_percent.o(.ARM.Collect$$_printf_percent$$00000000) for _printf_percent
    lcd.o(.text) refers to _printf_x.o(.ARM.Collect$$_printf_percent$$0000000C) for _printf_x
    lcd.o(.text) refers to _printf_hex_int.o(.text) for _printf_longlong_hex
    lcd.o(.text) refers to delay.o(.text) for delay_us
    lcd.o(.text) refers to lcd.o(.bss) for lcddev
    lcd.o(.text) refers to lcd.o(.data) for POINT_COLOR
    lcd.o(.text) refers to dflt_clz.o(x$fpl$dfltu) for __aeabi_ui2d
    lcd.o(.text) refers to dmul.o(x$fpl$dmul) for __aeabi_dmul
    lcd.o(.text) refers to dfixu.o(x$fpl$dfixu) for __aeabi_d2uiz
    lcd.o(.text) refers to stm32f10x_rcc.o(.text) for RCC_AHBPeriphClockCmd
    lcd.o(.text) refers to stm32f10x_gpio.o(.text) for GPIO_Init
    lcd.o(.text) refers to stm32f10x_fsmc.o(.text) for FSMC_NORSRAMInit
    lcd.o(.text) refers to noretval__2printf.o(.text) for __2printf
    lcd.o(.text) refers to lcd.o(.constdata) for asc2_1206
    lsens.o(.text) refers to stm32f10x_rcc.o(.text) for RCC_APB2PeriphClockCmd
    lsens.o(.text) refers to stm32f10x_gpio.o(.text) for GPIO_Init
    lsens.o(.text) refers to adc.o(.text) for Adc3_Init
    lsens.o(.text) refers to delay.o(.text) for delay_ms
    rtc.o(.text) refers to _printf_percent.o(.ARM.Collect$$_printf_percent$$00000000) for _printf_percent
    rtc.o(.text) refers to _printf_d.o(.ARM.Collect$$_printf_percent$$00000009) for _printf_d
    rtc.o(.text) refers to _printf_dec.o(.text) for _printf_int_dec
    rtc.o(.text) refers to misc.o(.text) for NVIC_Init
    rtc.o(.text) refers to stm32f10x_rtc.o(.text) for RTC_GetCounter
    rtc.o(.text) refers to stm32f10x_rcc.o(.text) for RCC_APB1PeriphClockCmd
    rtc.o(.text) refers to stm32f10x_pwr.o(.text) for PWR_BackupAccessCmd
    rtc.o(.text) refers to stm32f10x_bkp.o(.text) for BKP_ReadBackupRegister
    rtc.o(.text) refers to delay.o(.text) for delay_ms
    rtc.o(.text) refers to noretval__2printf.o(.text) for __2printf
    rtc.o(.text) refers to rtc.o(.constdata) for table_week
    rtc.o(.text) refers to rtc.o(.data) for daycnt
    rtc.o(.text) refers to rtc.o(.bss) for calendar
    timer.o(.text) refers to stm32f10x_rcc.o(.text) for RCC_APB1PeriphClockCmd
    timer.o(.text) refers to stm32f10x_tim.o(.text) for TIM_TimeBaseInit
    timer.o(.text) refers to misc.o(.text) for NVIC_Init
    timer.o(.text) refers to gizwits_product.o(.text) for gizTimerMs
    usart3.o(.text) refers to stm32f10x_usart.o(.text) for USART_GetITStatus
[...]
    __ARM_use_no_argv                        0x00000000   Number         0  main.o ABSOLUTE
    _printf_flags                            0x00000000   Number         0  printf_stubs.o ABSOLUTE
    _printf_return_value                     0x00000000   Number         0  printf_stubs.o ABSOLUTE
    _printf_sizespec                         0x00000000   Number         0  printf_stubs.o ABSOLUTE
    _printf_widthprec                        0x00000000   Number         0  printf_stubs.o ABSOLUTE
    __ARM_exceptions_init                     - Undefined Weak Reference
    __alloca_initialize                       - Undefined Weak Reference
    __arm_preinit_                            - Undefined Weak Reference
    __cpp_initialize__aeabi_                  - Undefined Weak Reference
    __cxa_finalize                            - Undefined Weak Reference
    __sigvec_lookup                           - Undefined Weak Reference
    __user_heap_extent                        - Undefined Weak Reference
    _atexit_init                              - Undefined Weak Reference
    _call_atexit_fns                          - Undefined Weak Reference
    _clock_init                               - Undefined Weak Reference
    _fp_trap_init                             - Undefined Weak Reference
    _fp_trap_shutdown                         - Undefined Weak Reference
    _get_lc_collate                           - Undefined Weak Reference
    _get_lc_monetary                          - Undefined Weak Reference
    _get_lc_numeric                           - Undefined Weak Reference
    _get_lc_time                              - Undefined Weak Reference
    _getenv_init                              - Undefined Weak Reference
    _handle_redirection                       - Undefined Weak Reference
    _initio                                   - Undefined Weak Reference
    _mutex_acquire                            - Undefined Weak Reference
    _mutex_free                               - Undefined Weak Reference
    _mutex_release                            - Undefined Weak Reference
    _printf_mbtowc                            - Undefined Weak Reference
    _printf_truncate_signed                   - Undefined Weak Reference
    _printf_truncate_unsigned                 - Undefined Weak Reference
    _rand_init                                - Undefined Weak Reference
    _signal_finish                            - Undefined Weak Reference
    _signal_init                              - Undefined Weak Reference
    _terminateio                              - Undefined Weak Reference
    __Vectors_Size                           0x00000130   Number         0  startup_stm32f10x_hd.o ABSOLUTE
    __Vectors                                0x08000000   Data           4  startup_stm32f10x_hd.o(RESET)
    __Vectors_End                            0x08000130   Data           0  startup_stm32f10x_hd.o(RESET)
    __main                                   0x08000131   Thumb Code     8  __main.o(!!!main)
    __scatterload                            0x08000139   Thumb Code     0  __scatter.o(!!!scatter)
    __scatterload_rt2                        0x08000139   Thumb Code    44  __scatter.o(!!!scatter)
    __scatterload_rt2_thumb_only             0x08000139   Thumb Code     0  __scatter.o(!!!scatter)
    __scatterload_null                       0x08000147   Thumb Code     0  __scatter.o(!!!scatter)
    __decompress                             0x0800016d   Thumb Code    90  __dczerorl2.o(!!dczerorl2)
    __decompress1                            0x0800016d   Thumb Code     0  __dczerorl2.o(!!dczerorl2)
    __scatterload_zeroinit                   0x080001c9   Thumb Code    28  __scatter_zi.o(!!handler_zi)
    _printf_d                                0x080001e5   Thumb Code     0  _printf_d.o(.ARM.Collect$$_printf_percent$$00000009)
    _printf_percent                          0x080001e5   Thumb Code     0  _printf_percent.o(.ARM.Collect$$_printf_percent$$00000000)
    _printf_u                                0x080001eb   Thumb Code     0  _printf_u.o(.ARM.Collect$$_printf_percent$$0000000A)
    _printf_x                                0x080001f1   Thumb Code     0  _printf_x.o(.ARM.Collect$$_printf_percent$$0000000C)
    _printf_c                                0x080001f7   Thumb Code     0  _printf_c.o(.ARM.Collect$$_printf_percent$$00000013)
    _printf_s                                0x080001fd   Thumb Code     0  _printf_s.o(.ARM.Collect$$_printf_percent$$00000014)
    _printf_percent_end                      0x08000203   Thumb Code     0  _printf_percent_end.o(.ARM.Collect$$_printf_percent$$00000017)
    __rt_lib_init                            0x08000207   Thumb Code     0  libinit.o(.ARM.Collect$$libinit$$00000000)
    __rt_lib_init_fp_1                       0x08000209   Thumb Code     0  libinit2.o(.ARM.Collect$$libinit$$00000002)
    __rt_lib_init_heap_1                     0x08000209   Thumb Code     0  libinit2.o(.ARM.Collect$$libinit$$0000000A)
    __rt_lib_init_lc_common                  0x08000209   Thumb Code     0  libinit2.o(.ARM.Collect$$libinit$$0000000F)
    __rt_lib_init_preinit_1                  0x08000209   Thumb Code     0  libinit2.o(.ARM.Collect$$libinit$$00000004)
    __rt_lib_init_rand_1                     0x08000209   Thumb Code     0  libinit2.o(.ARM.Collect$$libinit$$0000000E)
    __rt_lib_init_user_alloc_1               0x08000209   Thumb Code     0  libinit2.o(.ARM.Collect$$libinit$$0000000C)
    __rt_lib_init_lc_collate_1               0x0800020f   Thumb Code     0  libinit2.o(.ARM.Collect$$libinit$$00000011)
    __rt_lib_init_lc_ctype_2                 0x0800020f   Thumb Code     0  libinit2.o(.ARM.Collect$$libinit$$00000012)
    __rt_lib_init_alloca_1                   0x0800021b   Thumb Code     0  libinit2.o(.ARM.Collect$$libinit$$0000002E)
    __rt_lib_init_argv_1                     0x0800021b   Thumb Code     0  libinit2.o(.ARM.Collect$$libinit$$0000002C)
    __rt_lib_init_atexit_1                   0x0800021b   Thumb Code     0  libinit2.o(.ARM.Collect$$libinit$$0000001B)
    __rt_lib_init_clock_1                    0x0800021b   Thumb Code     0  libinit2.o(.ARM.Collect$$libinit$$00000021)
    __rt_lib_init_cpp_1                      0x0800021b   Thumb Code     0  libinit2.o(.ARM.Collect$$libinit$$00000032)
    __rt_lib_init_exceptions_1               0x0800021b   Thumb Code     0  libinit2.o(.ARM.Collect$$libinit$$00000030)
    __rt_lib_init_fp_trap_1                  0x0800021b   Thumb Code     0  libinit2.o(.ARM.Collect$$libinit$$0000001F)
    __rt_lib_init_getenv_1                   0x0800021b   Thumb Code     0  libinit2.o(.ARM.Collect$$libinit$$00000023)
    __rt_lib_init_lc_ctype_1                 0x0800021b   Thumb Code     0  libinit2.o(.ARM.Collect$$libinit$$00000013)
    __rt_lib_init_lc_monetary_1              0x0800021b   Thumb Code     0  libinit2.o(.ARM.Collect$$libinit$$00000015)
    __rt_lib_init_lc_numeric_1               0x0800021b   Thumb Code     0  libinit2.o(.ARM.Collect$$libinit$$00000017)
    __rt_lib_init_lc_time_1                  0x0800021b   Thumb Code     0  libinit2.o(.ARM.Collect$$libinit$$00000019)
    __rt_lib_init_return                     0x0800021b   Thumb Code     0  libinit2.o(.ARM.Collect$$libinit$$00000033)
    __rt_lib_init_signal_1                   0x0800021b   Thumb Code     0  libinit2.o(.ARM.Collect$$libinit$$0000001D)
    __rt_lib_init_stdio_1                    0x0800021b   Thumb Code     0  libinit2.o(.ARM.Collect$$libinit$$00000025)
    __rt_lib_shutdown                        0x0800021d   Thumb Code     0  libshutdown.o(.ARM.Collect$$libshutdown$$00000000)
    __rt_lib_shutdown_fp_trap_1              0x0800021f   Thumb Code     0  libshutdown2.o(.ARM.Collect$$libshutdown$$00000006)
    __rt_lib_shutdown_heap_1                 0x0800021f   Thumb Code     0  libshutdown2.o(.ARM.Collect$$libshutdown$$0000000E)
    __rt_lib_shutdown_return                 0x0800021f   Thumb Code     0  libshutdown2.o(.ARM.Collect$$libshutdown$$0000000F)
    __rt_lib_shutdown_signal_1               0x0800021f   Thumb Code     0  libshutdown2.o(.ARM.Collect$$libshutdown$$00000009)
    __rt_lib_shutdown_stdio_1                0x0800021f   Thumb Code     0  libshutdown2.o(.ARM.Collect$$libshutdown$$00000003)
    __rt_lib_shutdown_user_alloc_1           0x0800021f   Thumb Code     0  libshutdown2.o(.ARM.Collect$$libshutdown$$0000000B)
    __rt_entry                               0x08000221   Thumb Code     0  __rtentry.o(.ARM.Collect$$rtentry$$00000000)
    __rt_entry_presh_1                       0x08000221   Thumb Code     0  __rtentry2.o(.ARM.Collect$$rtentry$$00000002)
    __rt_entry_sh                            0x08000221   Thumb Code     0  __rtentry4.o(.ARM.Collect$$rtentry$$00000004)
    __rt_entry_li                            0x08000227   Thumb Code     0  __rtentry2.o(.ARM.Collect$$rtentry$$0000000A)
    __rt_entry_postsh_1                      0x08000227   Thumb Code     0  __rtentry2.o(.ARM.Collect$$rtentry$$00000009)
    __rt_entry_main                          0x0800022b   Thumb Code     0  __rtentry2.o(.ARM.Collect$$rtentry$$0000000D)
    __rt_entry_postli_1                      0x0800022b   Thumb Code     0  __rtentry2.o(.ARM.Collect$$rtentry$$0000000C)
    __rt_exit                                0x08000233   Thumb Code     0  rtexit.o(.ARM.Collect$$rtexit$$00000000)
    __rt_exit_ls                             0x08000235   Thumb Code     0  rtexit2.o(.ARM.Collect$$rtexit$$00000003)
    __rt_exit_prels_1                        0x08000235   Thumb Code     0  rtexit2.o(.ARM.Collect$$rtexit$$00000002)
    __rt_exit_exit                           0x08000239   Thumb Code     0  rtexit2.o(.ARM.Collect$$rtexit$$00000004)
    Gizwits_Init                             0x08000241   Thumb Code    36  main.o(.text)
    control_leds                             0x08000265   Thumb Code   114  main.o(.text)
    update_display_info                      0x080002d7   Thumb Code   140  main.o(.text)
    main                                     0x08000363   Thumb Code   468  main.o(.text)
    NMI_Handler                              0x080005fd   Thumb Code     2  stm32f10x_it.o(.text)
    HardFault_Handler                        0x080005ff   Thumb Code     4  stm32f10x_it.o(.text)
    MemManage_Handler                        0x08000603   Thumb Code     4  stm32f10x_it.o(.text)
    BusFault_Handler                         0x08000607   Thumb Code     4  stm32f10x_it.o(.text)
    UsageFault_Handler                       0x0800060b   Thumb Code     4  stm32f10x_it.o(.text)
    SVC_Handler                              0x0800060f   Thumb Code     2  stm32f10x_it.o(.text)
    DebugMon_Handler                         0x08000611   Thumb Code     2  stm32f10x_it.o(.text)
    PendSV_Handler                           0x08000613   Thumb Code     2  stm32f10x_it.o(.text)
    SysTick_Handler                          0x08000615   Thumb Code     2  stm32f10x_it.o(.text)
    SystemInit                               0x080006f7   Thumb Code    78  system_stm32f10x.o(.text)
    SystemCoreClockUpdate                    0x08000745   Thumb Code   142  system_stm32f10x.o(.text)
    LED_Init                                 0x080007f9   Thumb Code    68  led.o(.text)
    T_Adc_Init                               0x08000845   Thumb Code   118  adc.o(.text)
    T_Get_Adc                                0x080008bb   Thumb Code    46  adc.o(.text)
    T_Get_Temp                               0x080008e9   Thumb Code    42  adc.o(.text)
    T_Get_Adc_Average                        0x08000913   Thumb Code    46  adc.o(.text)
    Get_Temprate                             0x08000941   Thumb Code   106  adc.o(.text)
    Adc3_Init                                0x080009ab   Thumb Code   120  adc.o(.text)
    Get_Adc3                                 0x08000a23   Thumb Code    46  adc.o(.text)
    LCD_WR_REG                               0x08000a75   Thumb Code     6  lcd.o(.text)
    LCD_WR_DATA                              0x08000a7b   Thumb Code     8  lcd.o(.text)
    LCD_RD_DATA                              0x08000a83   Thumb Code    16  lcd.o(.text)
    LCD_WriteReg                             0x08000a93   Thumb Code    10  lcd.o(.text)
    LCD_ReadReg                              0x08000a9d   Thumb Code    22  lcd.o(.text)
    LCD_WriteRAM_Prepare                     0x08000ab3   Thumb Code    10  lcd.o(.text)
    LCD_WriteRAM                             0x08000abd   Thumb Code     8  lcd.o(.text)
    LCD_BGR2RGB                              0x08000ac5   Thumb Code    26  lcd.o(.text)
    opt_delay                                0x08000adf   Thumb Code    14  lcd.o(.text)
    LCD_SetCursor                            0x08000aed   Thumb Code   418  lcd.o(.text)
    LCD_ReadPoint                            0x08000c8f   Thumb Code   360  lcd.o(.text)
    LCD_DisplayOn                            0x08000df7   Thumb Code   102  lcd.o(.text)
    LCD_DisplayOff                           0x08000e5d   Thumb Code    90  lcd.o(.text)
    LCD_Scan_Dir                             0x08000eb7   Thumb Code   744  lcd.o(.text)
    LCD_DrawPoint                            0x0800119f   Thumb Code    28  lcd.o(.text)
    LCD_Fast_DrawPoint                       0x080011bb   Thumb Code   384  lcd.o(.text)
    LCD_SSD_BackLightSet                     0x0800133b   Thumb Code    80  lcd.o(.text)
    LCD_Display_Dir                          0x0800138b   Thumb Code   444  lcd.o(.text)
    LCD_Set_Window                           0x08001547   Thumb Code   540  lcd.o(.text)
    LCD_Clear                                0x08001763   Thumb Code   100  lcd.o(.text)
    LCD_Init                                 0x080017c7   Thumb Code 14184  lcd.o(.text)
    LCD_Fill                                 0x08004f2f   Thumb Code   178  lcd.o(.text)
    LCD_Color_Fill                           0x08004fe1   Thumb Code   106  lcd.o(.text)
    LCD_DrawLine                             0x0800504b   Thumb Code   176  lcd.o(.text)
    LCD_DrawRectangle                        0x080050fb   Thumb Code    60  lcd.o(.text)
    LCD_Draw_Circle                          0x08005137   Thumb Code   152  lcd.o(.text)
    LCD_ShowChar                             0x080051cf   Thumb Code   272  lcd.o(.text)
    LCD_Pow                                  0x080052df   Thumb Code    22  lcd.o(.text)
    LCD_ShowNum                              0x080052f5   Thumb Code   148  lcd.o(.text)
    LCD_ShowxNum                             0x08005389   Thumb Code   220  lcd.o(.text)
    LCD_ShowString                           0x08005465   Thumb Code   102  lcd.o(.text)
    Lsens_Init                               0x080054cd   Thumb Code    38  lsens.o(.text)
    Lsens_Get_Val                            0x080054f3   Thumb Code    60  lsens.o(.text)
    RTC_Get_Week                             0x08005555   Thumb Code   116  rtc.o(.text)
    Is_Leap_Year                             0x080055c9   Thumb Code    58  rtc.o(.text)
    RTC_Get                                  0x08005603   Thumb Code   240  rtc.o(.text)
    RTC_Set                                  0x080056f3   Thumb Code   184  rtc.o(.text)
    RTC_Init                                 0x080057ab   Thumb Code   190  rtc.o(.text)
    RTC_IRQHandler                           0x08005869   Thumb Code    76  rtc.o(.text)
    RTC_Alarm_Set                            0x080058b5   Thumb Code   184  rtc.o(.text)
    TIM3_Int_Init                            0x080059a9   Thumb Code    90  timer.o(.text)
    TIM3_IRQHandler                          0x08005a03   Thumb Code    26  timer.o(.text)
    USART3_IRQHandler                        0x08005a21   Thumb Code    34  usart3.o(.text)
    usart3_init                              0x08005a43   Thumb Code   166  usart3.o(.text)
    delay_init                               0x08005af1   Thumb Code    50  delay.o(.text)
    delay_us                                 0x08005b23   Thumb Code    72  delay.o(.text)
    delay_ms                                 0x08005b6b   Thumb Code    72  delay.o(.text)
    _sys_exit                                0x08005bc5   Thumb Code     4  usart.o(.text)
    fputc                                    0x08005bc9   Thumb Code    24  usart.o(.text)
    uart_init                                0x08005be1   Thumb Code   152  usart.o(.text)
    USART1_IRQHandler                        0x08005c79   Thumb Code   122  usart.o(.text)
    Reset_Handler                            0x08005d05   Thumb Code     8  startup_stm32f10x_hd.o(.text)
    ADC1_2_IRQHandler                        0x08005d1f   Thumb Code     0  startup_stm32f10x_hd.o(.text)
    ADC3_IRQHandler                          0x08005d1f   Thumb Code     0  startup_stm32f10x_hd.o(.text)
    CAN1_RX1_IRQHandler                      0x08005d1f   Thumb Code     0  startup_stm32f10x_hd.o(.text)
    CAN1_SCE_IRQHandler                      0x08005d1f   Thumb Code     0  startup_stm32f10x_hd.o(.text)
    DMA1_Channel1_IRQHandler                 0x08005d1f   Thumb Code     0  startup_stm32f10x_hd.o(.text)
    DMA1_Channel2_IRQHandler                 0x08005d1f   Thumb Code     0  startup_stm32f10x_hd.o(.text)
    DMA1_Channel3_IRQHandler                 0x08005d1f   Thumb Code     0  startup_stm32f10x_hd.o(.text)
    DMA1_Channel4_IRQHandler                 0x08005d1f   Thumb Code     0  startup_stm32f10x_hd.o(.text)
    DMA1_Channel5_IRQHandler                 0x08005d1f   Thumb Code     0  startup_stm32f10x_hd.o(.text)
    DMA1_Channel6_IRQHandler                 0x08005d1f   Thumb Code     0  startup_stm32f10x_hd.o(.text)
    DMA1_Channel7_IRQHandler                 0x08005d1f   Thumb Code     0  startup_stm32f10x_hd.o(.text)
    DMA2_Channel1_IRQHandler                 0x08005d1f   Thumb Code     0  startup_stm32f10x_hd.o(.text)
    DMA2_Channel2_IRQHandler                 0x08005d1f   Thumb Code     0  startup_stm32f10x_hd.o(.text)
    DMA2_Channel3_IRQHandler                 0x08005d1f   Thumb Code     0  startup_stm32f10x_hd.o(.text)
    DMA2_Channel4_5_IRQHandler               0x08005d1f   Thumb Code     0  startup_stm32f10x_hd.o(.text)
    EXTI0_IRQHandler                         0x08005d1f   Thumb Code     0  startup_stm32f10x_hd.o(.text)
    EXTI15_10_IRQHandler                     0x08005d1f   Thumb Code     0  startup_stm32f10x_hd.o(.text)
    EXTI1_IRQHandler                         0x08005d1f   Thumb Code     0  startup_stm32f10x_hd.o(.text)
    EXTI2_IRQHandler                         0x08005d1f   Thumb Code     0  startup_stm32f10x_hd.o(.text)
    EXTI3_IRQHandler                         0x08005d1f   Thumb Code     0  startup_stm32f10x_hd.o(.text)
    EXTI4_IRQHandler                         0x08005d1f   Thumb Code     0  startup_stm32f10x_hd.o(.text)
    EXTI9_5_IRQHandler                       0x08005d1f   Thumb Code     0  startup_stm32f10x_hd.o(.text)
    FLASH_IRQHandler                         0x08005d1f   Thumb Code     0  startup_stm32f10x_hd.o(.text)
    FSMC_IRQHandler                          0x08005d1f   Thumb Code     0  startup_stm32f10x_hd.o(.text)
    I2C1_ER_IRQHandler                       0x08005d1f   Thumb Code     0  startup_stm32f10x_hd.o(.text)
    I2C1_EV_IRQHandler                       0x08005d1f   Thumb Code     0  startup_stm32f10x_hd.o(.text)
    I2C2_ER_IRQHandler                       0x08005d1f   Thumb Code     0  startup_stm32f10x_hd.o(.text)
    I2C2_EV_IRQHandler                       0x08005d1f   Thumb Code     0  startup_stm32f10x_hd.o(.text)
    PVD_IRQHandler                           0x08005d1f   Thumb Code     0  startup_stm32f10x_hd.o(.text)
    RCC_IRQHandler                           0x08005d1f   Thumb Code     0  startup_stm32f10x_hd.o(.text)
    RTCAlarm_IRQHandler                      0x08005d1f   Thumb Code     0  startup_stm32f10x_hd.o(.text)
    SDIO_IRQHandler                          0x08005d1f   Thumb Code     0  startup_stm32f10x_hd.o(.text)
    SPI1_IRQHandler                          0x08005d1f   Thumb Code     0  startup_stm32f10x_hd.o(.text)
    SPI2_IRQHandler                          0x08005d1f   Thumb Code     0  startup_stm32f10x_hd.o(.text)
    SPI3_IRQHandler                          0x08005d1f   Thumb Code     0  startup_stm32f10x_hd.o(.text)
    TAMPER_IRQHandler                        0x08005d1f   Thumb Code     0  startup_stm32f10x_hd.o(.text)
    TIM1_BRK_IRQHandler                      0x08005d1f   Thumb Code     0  startup_stm32f10x_hd.o(.text)
    TIM1_CC_IRQHandler                       0x08005d1f   Thumb Code     0  startup_stm32f10x_hd.o(.text)
    TIM1_TRG_COM_IRQHandler                  0x08005d1f   Thumb Code     0  startup_stm32f10x_hd.o(.text)
    TIM1_UP_IRQHandler                       0x08005d1f   Thumb Code     0  startup_stm32f10x_hd.o(.text)
    TIM2_IRQHandler                          0x08005d1f   Thumb Code     0  startup_stm32f10x_hd.o(.text)
    TIM5_IRQHandler                          0x08005d1f   Thumb Code     0  startup_stm32f10x_hd.o(.text)
    TIM6_IRQHandler                          0x08005d1f   Thumb Code     0  startup_stm32f10x_hd.o(.text)
    TIM7_IRQHandler                          0x08005d1f   Thumb Code     0  startup_stm32f10x_hd.o(.text)
    TIM8_BRK_IRQHandler                      0x08005d1f   Thumb Code     0  startup_stm32f10x_hd.o(.text)
    TIM8_CC_IRQHandler                       0x08005d1f   Thumb Code     0  startup_stm32f10x_hd.o(.text)
    TIM8_TRG_COM_IRQHandler                  0x08005d1f   Thumb Code     0  startup_stm32f10x_hd.o(.text)
    TIM8_UP_IRQHandler                       0x08005d1f   Thumb Code     0  startup_stm32f10x_hd.o(.text)
    UART4_IRQHandler                         0x08005d1f   Thumb Code     0  startup_stm32f10x_hd.o(.text)
    UART5_IRQHandler                         0x08005d1f   Thumb Code     0  startup_stm32f10x_hd.o(.text)
    USART2_IRQHandler                        0x08005d1f   Thumb Code     0  startup_stm32f10x_hd.o(.text)
    USBWakeUp_IRQHandler                     0x08005d1f   Thumb Code     0  startup_stm32f10x_hd.o(.text)
    USB_HP_CAN1_TX_IRQHandler                0x08005d1f   Thumb Code     0  startup_stm32f10x_hd.o(.text)
    USB_LP_CAN1_RX0_IRQHandler               0x08005d1f   Thumb Code     0  startup_stm32f10x_hd.o(.text)
    WWDG_IRQHandler                          0x08005d1f   Thumb Code     0  startup_stm32f10x_hd.o(.text)
    __user_initial_stackheap                 0x08005d21   Thumb Code     0  startup_stm32f10x_hd.o(.text)
    NVIC_PriorityGroupConfig                 0x08005d45   Thumb Code    10  misc.o(.text)
    NVIC_Init                                0x08005d4f   Thumb Code   100  misc.o(.text)
    NVIC_SetVectorTable                      0x08005db3   Thumb Code    14  misc.o(.text)
    NVIC_SystemLPConfig                      0x08005dc1   Thumb Code    34  misc.o(.text)
    SysTick_CLKSourceConfig                  0x08005de3   Thumb Code    40  misc.o(.text)
    ADC_DeInit                               0x08005e21   Thumb Code    78  stm32f10x_adc.o(.text)
    ADC_Init                                 0x08005e6f   Thumb Code    70  stm32f10x_adc.o(.text)
    ADC_StructInit                           0x08005eb5   Thumb Code    18  stm32f10x_adc.o(.text)
    ADC_Cmd                                  0x08005ec7   Thumb Code    22  stm32f10x_adc.o(.text)
    ADC_DMACmd                               0x08005edd   Thumb Code    22  stm32f10x_adc.o(.text)
    ADC_ITConfig                             0x08005ef3   Thumb Code    24  stm32f10x_adc.o(.text)
    ADC_ResetCalibration                     0x08005f0b   Thumb Code    10  stm32f10x_adc.o(.text)
    ADC_GetResetCalibrationStatus            0x08005f15   Thumb Code    20  stm32f10x_adc.o(.text)
    ADC_StartCalibration                     0x08005f29   Thumb Code    10  stm32f10x_adc.o(.text)
    ADC_GetCalibrationStatus                 0x08005f33   Thumb Code    20  stm32f10x_adc.o(.text)
    ADC_SoftwareStartConvCmd                 0x08005f47   Thumb Code    22  stm32f10x_adc.o(.text)
    ADC_GetSoftwareStartConvStatus           0x08005f5d   Thumb Code    20  stm32f10x_adc.o(.text)
    ADC_DiscModeChannelCountConfig           0x08005f71   Thumb Code    24  stm32f10x_adc.o(.text)
    ADC_DiscModeCmd                          0x08005f89   Thumb Code    22  stm32f10x_adc.o(.text)
    ADC_RegularChannelConfig                 0x08005f9f   Thumb Code   184  stm32f10x_adc.o(.text)
    ADC_ExternalTrigConvCmd                  0x08006057   Thumb Code    22  stm32f10x_adc.o(.text)
    ADC_GetConversionValue                   0x0800606d   Thumb Code     8  stm32f10x_adc.o(.text)
    ADC_GetDualModeConversionValue           0x08006075   Thumb Code     8  stm32f10x_adc.o(.text)
    ADC_AutoInjectedConvCmd                  0x0800607d   Thumb Code    22  stm32f10x_adc.o(.text)
    ADC_InjectedDiscModeCmd                  0x08006093   Thumb Code    22  stm32f10x_adc.o(.text)
    ADC_ExternalTrigInjectedConvConfig       0x080060a9   Thumb Code    16  stm32f10x_adc.o(.text)
    ADC_ExternalTrigInjectedConvCmd          0x080060b9   Thumb Code    22  stm32f10x_adc.o(.text)
    ADC_SoftwareStartInjectedConvCmd         0x080060cf   Thumb Code    22  stm32f10x_adc.o(.text)
    ADC_GetSoftwareStartInjectedConvCmdStatus 0x080060e5   Thumb Code    20  stm32f10x_adc.o(.text)
    ADC_InjectedChannelConfig                0x080060f9   Thumb Code   130  stm32f10x_adc.o(.text)
    ADC_InjectedSequencerLengthConfig        0x0800617b   Thumb Code    24  stm32f10x_adc.o(.text)
    ADC_SetInjectedOffset                    0x08006193   Thumb Code    20  stm32f10x_adc.o(.text)
    ADC_GetInjectedConversionValue           0x080061a7   Thumb Code    28  stm32f10x_adc.o(.text)
    ADC_AnalogWatchdogCmd                    0x080061c3   Thumb Code    16  stm32f10x_adc.o(.text)
    ADC_AnalogWatchdogThresholdsConfig       0x080061d3   Thumb Code     6  stm32f10x_adc.o(.text)
    ADC_AnalogWatchdogSingleChannelConfig    0x080061d9   Thumb Code    16  stm32f10x_adc.o(.text)
    ADC_TempSensorVrefintCmd                 0x080061e9   Thumb Code    64  stm32f10x_adc.o(.text)
    ADC_GetFlagStatus                        0x08006229   Thumb Code    18  stm32f10x_adc.o(.text)
    ADC_ClearFlag                            0x0800623b   Thumb Code     6  stm32f10x_adc.o(.text)
    ADC_GetITStatus                          0x08006241   Thumb Code    36  stm32f10x_adc.o(.text)
    ADC_ClearITPendingBit                    0x08006265   Thumb Code    10  stm32f10x_adc.o(.text)
    FSMC_NORSRAMDeInit                       0x08006271   Thumb Code    54  stm32f10x_fsmc.o(.text)
    FSMC_NANDDeInit                          0x080062a7   Thumb Code    62  stm32f10x_fsmc.o(.text)
    FSMC_PCCARDDeInit                        0x080062e5   Thumb Code    36  stm32f10x_fsmc.o(.text)
    FSMC_NORSRAMInit                         0x08006309   Thumb Code   230  stm32f10x_fsmc.o(.text)
    FSMC_NANDInit                            0x080063ef   Thumb Code   132  stm32f10x_fsmc.o(.text)
    FSMC_PCCARDInit                          0x08006473   Thumb Code   130  stm32f10x_fsmc.o(.text)
    FSMC_NORSRAMStructInit                   0x080064f5   Thumb Code   114  stm32f10x_fsmc.o(.text)
    FSMC_NANDStructInit                      0x08006567   Thumb Code    54  stm32f10x_fsmc.o(.text)
    FSMC_PCCARDStructInit                    0x0800659d   Thumb Code    60  stm32f10x_fsmc.o(.text)
    FSMC_NORSRAMCmd                          0x080065d9   Thumb Code    46  stm32f10x_fsmc.o(.text)
    FSMC_NANDCmd                             0x08006607   Thumb Code    86  stm32f10x_fsmc.o(.text)
    FSMC_PCCARDCmd                           0x0800665d   Thumb Code    44  stm32f10x_fsmc.o(.text)
    FSMC_NANDECCCmd                          0x08006689   Thumb Code    90  stm32f10x_fsmc.o(.text)
    FSMC_GetECC                              0x080066e3   Thumb Code    24  stm32f10x_fsmc.o(.text)
    FSMC_ITConfig                            0x080066fb   Thumb Code   128  stm32f10x_fsmc.o(.text)
    FSMC_GetFlagStatus                       0x0800677b   Thumb Code    54  stm32f10x_fsmc.o(.text)
    FSMC_ClearFlag                           0x080067b1   Thumb Code    62  stm32f10x_fsmc.o(.text)
    FSMC_GetITStatus                         0x080067ef   Thumb Code    64  stm32f10x_fsmc.o(.text)
    FSMC_ClearITPendingBit                   0x0800682f   Thumb Code    68  stm32f10x_fsmc.o(.text)
    GPIO_DeInit                              0x0800687d   Thumb Code   172  stm32f10x_gpio.o(.text)
    GPIO_AFIODeInit                          0x08006929   Thumb Code    20  stm32f10x_gpio.o(.text)
    GPIO_Init                                0x0800693d   Thumb Code   278  stm32f10x_gpio.o(.text)
    GPIO_StructInit                          0x08006a53   Thumb Code    16  stm32f10x_gpio.o(.text)
    GPIO_ReadInputDataBit                    0x08006a63   Thumb Code    18  stm32f10x_gpio.o(.text)
    GPIO_ReadInputData                       0x08006a75   Thumb Code     8  stm32f10x_gpio.o(.text)
    GPIO_ReadOutputDataBit                   0x08006a7d   Thumb Code    18  stm32f10x_gpio.o(.text)
    GPIO_ReadOutputData                      0x08006a8f   Thumb Code     8  stm32f10x_gpio.o(.text)
    GPIO_SetBits                             0x08006a97   Thumb Code     4  stm32f10x_gpio.o(.text)
    GPIO_ResetBits                           0x08006a9b   Thumb Code     4  stm32f10x_gpio.o(.text)
    GPIO_WriteBit                            0x08006a9f   Thumb Code    10  stm32f10x_gpio.o(.text)
    GPIO_Write                               0x08006aa9   Thumb Code     4  stm32f10x_gpio.o(.text)
    GPIO_PinLockConfig                       0x08006aad   Thumb Code    18  stm32f10x_gpio.o(.text)
    GPIO_EventOutputConfig                   0x08006abf   Thumb Code    26  stm32f10x_gpio.o(.text)
    GPIO_EventOutputCmd                      0x08006ad9   Thumb Code     6  stm32f10x_gpio.o(.text)
    GPIO_PinRemapConfig                      0x08006adf   Thumb Code   138  stm32f10x_gpio.o(.text)
    GPIO_EXTILineConfig                      0x08006b69   Thumb Code    66  stm32f10x_gpio.o(.text)
    GPIO_ETH_MediaInterfaceConfig            0x08006bab   Thumb Code     8  stm32f10x_gpio.o(.text)
    RCC_DeInit                               0x08006bd9   Thumb Code    64  stm32f10x_rcc.o(.text)
    RCC_HSEConfig                            0x08006c19   Thumb Code    70  stm32f10x_rcc.o(.text)
    RCC_GetFlagStatus                        0x08006c5f   Thumb Code    56  stm32f10x_rcc.o(.text)
    RCC_WaitForHSEStartUp                    0x08006c97   Thumb Code    56  stm32f10x_rcc.o(.text)
    RCC_AdjustHSICalibrationValue            0x08006ccf   Thumb Code    20  stm32f10x_rcc.o(.text)
    RCC_HSICmd                               0x08006ce3   Thumb Code     6  stm32f10x_rcc.o(.text)
    RCC_PLLConfig                            0x08006ce9   Thumb Code    24  stm32f10x_rcc.o(.text)
    RCC_PLLCmd                               0x08006d01   Thumb Code     6  stm32f10x_rcc.o(.text)
    RCC_SYSCLKConfig                         0x08006d07   Thumb Code    18  stm32f10x_rcc.o(.text)
    RCC_GetSYSCLKSource                      0x08006d19   Thumb Code    10  stm32f10x_rcc.o(.text)
    RCC_HCLKConfig                           0x08006d23   Thumb Code    18  stm32f10x_rcc.o(.text)
    RCC_PCLK1Config                          0x08006d35   Thumb Code    18  stm32f10x_rcc.o(.text)
    RCC_PCLK2Config                          0x08006d47   Thumb Code    20  stm32f10x_rcc.o(.text)
    RCC_ITConfig                             0x08006d5b   Thumb Code    26  stm32f10x_rcc.o(.text)
    RCC_USBCLKConfig                         0x08006d75   Thumb Code     8  stm32f10x_rcc.o(.text)
    RCC_ADCCLKConfig                         0x08006d7d   Thumb Code    18  stm32f10x_rcc.o(.text)
    RCC_LSEConfig                            0x08006d8f   Thumb Code    50  stm32f10x_rcc.o(.text)
    RCC_LSICmd                               0x08006dc1   Thumb Code     6  stm32f10x_rcc.o(.text)
    RCC_RTCCLKConfig                         0x08006dc7   Thumb Code    12  stm32f10x_rcc.o(.text)
    RCC_RTCCLKCmd                            0x08006dd3   Thumb Code     8  stm32f10x_rcc.o(.text)
    RCC_GetClocksFreq                        0x08006ddb   Thumb Code   192  stm32f10x_rcc.o(.text)
    RCC_AHBPeriphClockCmd                    0x08006e9b   Thumb Code    26  stm32f10x_rcc.o(.text)
    RCC_APB2PeriphClockCmd                   0x08006eb5   Thumb Code    26  stm32f10x_rcc.o(.text)
    RCC_APB1PeriphClockCmd                   0x08006ecf   Thumb Code    26  stm32f10x_rcc.o(.text)
    RCC_APB2PeriphResetCmd                   0x08006ee9   Thumb Code    26  stm32f10x_rcc.o(.text)
    RCC_APB1PeriphResetCmd                   0x08006f03   Thumb Code    26  stm32f10x_rcc.o(.text)
    RCC_BackupResetCmd                       0x08006f1d   Thumb Code     8  stm32f10x_rcc.o(.text)
    RCC_ClockSecuritySystemCmd               0x08006f25   Thumb Code     6  stm32f10x_rcc.o(.text)
    RCC_MCOConfig                            0x08006f2b   Thumb Code     6  stm32f10x_rcc.o(.text)
    RCC_ClearFlag                            0x08006f31   Thumb Code    14  stm32f10x_rcc.o(.text)
    RCC_GetITStatus                          0x08006f3f   Thumb Code    20  stm32f10x_rcc.o(.text)
    RCC_ClearITPendingBit                    0x08006f53   Thumb Code     6  stm32f10x_rcc.o(.text)
    USART_DeInit                             0x08006f7d   Thumb Code   134  stm32f10x_usart.o(.text)
    USART_Init                               0x08007003   Thumb Code   210  stm32f10x_usart.o(.text)
    USART_StructInit                         0x080070d5   Thumb Code    24  stm32f10x_usart.o(.text)
    USART_ClockInit                          0x080070ed   Thumb Code    34  stm32f10x_usart.o(.text)
    USART_ClockStructInit                    0x0800710f   Thumb Code    12  stm32f10x_usart.o(.text)
    USART_Cmd                                0x0800711b   Thumb Code    24  stm32f10x_usart.o(.text)
    USART_ITConfig                           0x08007133   Thumb Code    74  stm32f10x_usart.o(.text)
    USART_DMACmd                             0x0800717d   Thumb Code    18  stm32f10x_usart.o(.text)
    USART_SetAddress                         0x0800718f   Thumb Code    18  stm32f10x_usart.o(.text)
    USART_WakeUpConfig                       0x080071a1   Thumb Code    18  stm32f10x_usart.o(.text)
    USART_ReceiverWakeUpCmd                  0x080071b3   Thumb Code    24  stm32f10x_usart.o(.text)
    USART_LINBreakDetectLengthConfig         0x080071cb   Thumb Code    18  stm32f10x_usart.o(.text)
    USART_LINCmd                             0x080071dd   Thumb Code    24  stm32f10x_usart.o(.text)
    USART_SendData                           0x080071f5   Thumb Code     8  stm32f10x_usart.o(.text)
    USART_ReceiveData                        0x080071fd   Thumb Code    10  stm32f10x_usart.o(.text)
    USART_SendBreak                          0x08007207   Thumb Code    10  stm32f10x_usart.o(.text)
    USART_SetGuardTime                       0x08007211   Thumb Code    16  stm32f10x_usart.o(.text)
    USART_SetPrescaler                       0x08007221   Thumb Code    16  stm32f10x_usart.o(.text)
    USART_SmartCardCmd                       0x08007231   Thumb Code    24  stm32f10x_usart.o(.text)
    USART_SmartCardNACKCmd                   0x08007249   Thumb Code    24  stm32f10x_usart.o(.text)
    USART_HalfDuplexCmd                      0x08007261   Thumb Code    24  stm32f10x_usart.o(.text)
    USART_OverSampling8Cmd                   0x08007279   Thumb Code    22  stm32f10x_usart.o(.text)
    USART_OneBitMethodCmd                    0x0800728f   Thumb Code    24  stm32f10x_usart.o(.text)
    USART_IrDAConfig                         0x080072a7   Thumb Code    18  stm32f10x_usart.o(.text)
    USART_IrDACmd                            0x080072b9   Thumb Code    24  stm32f10x_usart.o(.text)
    USART_GetFlagStatus                      0x080072d1   Thumb Code    26  stm32f10x_usart.o(.text)
    USART_ClearFlag                          0x080072eb   Thumb Code    18  stm32f10x_usart.o(.text)
    USART_GetITStatus                        0x080072fd   Thumb Code    84  stm32f10x_usart.o(.text)
    USART_ClearITPendingBit                  0x08007351   Thumb Code    52  stm32f10x_usart.o(.text)
    BKP_DeInit                               0x08007385   Thumb Code    16  stm32f10x_bkp.o(.text)
    BKP_TamperPinLevelConfig                 0x08007395   Thumb Code     6  stm32f10x_bkp.o(.text)
    BKP_TamperPinCmd                         0x0800739b   Thumb Code     8  stm32f10x_bkp.o(.text)
    BKP_ITConfig                             0x080073a3   Thumb Code     8  stm32f10x_bkp.o(.text)
    BKP_RTCOutputConfig                      0x080073ab   Thumb Code    22  stm32f10x_bkp.o(.text)
    BKP_SetRTCCalibrationValue               0x080073c1   Thumb Code    22  stm32f10x_bkp.o(.text)
    BKP_WriteBackupRegister                  0x080073d7   Thumb Code    24  stm32f10x_bkp.o(.text)
    BKP_ReadBackupRegister                   0x080073ef   Thumb Code    26  stm32f10x_bkp.o(.text)
    BKP_GetFlagStatus                        0x08007409   Thumb Code    10  stm32f10x_bkp.o(.text)
    BKP_ClearFlag                            0x08007413   Thumb Code    18  stm32f10x_bkp.o(.text)
    BKP_GetITStatus                          0x08007425   Thumb Code    10  stm32f10x_bkp.o(.text)
    BKP_ClearITPendingBit                    0x0800742f   Thumb Code    18  stm32f10x_bkp.o(.text)
    PWR_DeInit                               0x08007449   Thumb Code    22  stm32f10x_pwr.o(.text)
    PWR_BackupAccessCmd                      0x0800745f   Thumb Code     6  stm32f10x_pwr.o(.text)
    PWR_PVDCmd                               0x08007465   Thumb Code     6  stm32f10x_pwr.o(.text)
    PWR_PVDLevelConfig                       0x0800746b   Thumb Code    18  stm32f10x_pwr.o(.text)
    PWR_WakeUpPinCmd                         0x0800747d   Thumb Code     8  stm32f10x_pwr.o(.text)
    PWR_EnterSTOPMode                        0x08007485   Thumb Code    54  stm32f10x_pwr.o(.text)
    PWR_EnterSTANDBYMode                     0x080074bb   Thumb Code    42  stm32f10x_pwr.o(.text)
    PWR_GetFlagStatus                        0x080074e5   Thumb Code    20  stm32f10x_pwr.o(.text)
    PWR_ClearFlag                            0x080074f9   Thumb Code    14  stm32f10x_pwr.o(.text)
    RTC_ITConfig                             0x08007515   Thumb Code    26  stm32f10x_rtc.o(.text)
    RTC_EnterConfigMode                      0x0800752f   Thumb Code    18  stm32f10x_rtc.o(.text)
    RTC_ExitConfigMode                       0x08007541   Thumb Code    20  stm32f10x_rtc.o(.text)
    RTC_GetCounter                           0x08007555   Thumb Code    18  stm32f10x_rtc.o(.text)
    RTC_SetCounter                           0x08007567   Thumb Code    26  stm32f10x_rtc.o(.text)
    RTC_SetPrescaler                         0x08007581   Thumb Code    28  stm32f10x_rtc.o(.text)
    RTC_SetAlarm                             0x0800759d   Thumb Code    26  stm32f10x_rtc.o(.text)
    RTC_GetDivider                           0x080075b7   Thumb Code    22  stm32f10x_rtc.o(.text)
    RTC_WaitForLastTask                      0x080075cd   Thumb Code    18  stm32f10x_rtc.o(.text)
    RTC_WaitForSynchro                       0x080075df   Thumb Code    36  stm32f10x_rtc.o(.text)
    RTC_GetFlagStatus                        0x08007603   Thumb Code    22  stm32f10x_rtc.o(.text)
    RTC_ClearFlag                            0x08007619   Thumb Code    16  stm32f10x_rtc.o(.text)
    RTC_GetITStatus                          0x08007629   Thumb Code    32  stm32f10x_rtc.o(.text)
    RTC_ClearITPendingBit                    0x08007649   Thumb Code    16  stm32f10x_rtc.o(.text)
    TIM_DeInit                               0x0800765d   Thumb Code   424  stm32f10x_tim.o(.text)
    TIM_TimeBaseInit                         0x08007805   Thumb Code   122  stm32f10x_tim.o(.text)
    TIM_OC1Init                              0x0800787f   Thumb Code   132  stm32f10x_tim.o(.text)
    TIM_OC2Init                              0x08007903   Thumb Code   154  stm32f10x_tim.o(.text)
    TIM_OC3Init                              0x0800799d   Thumb Code   150  stm32f10x_tim.o(.text)
    TIM_OC4Init                              0x08007a33   Thumb Code   182  stm32f10x_tim.o(.text)
    TIM_SetIC4Prescaler                      0x08007ae9   Thumb Code    26  stm32f10x_tim.o(.text)
    TIM_SetIC3Prescaler                      0x08007b85   Thumb Code    18  stm32f10x_tim.o(.text)
    TIM_SetIC2Prescaler                      0x08007c11   Thumb Code    26  stm32f10x_tim.o(.text)
    TIM_SetIC1Prescaler                      0x08007cad   Thumb Code    18  stm32f10x_tim.o(.text)
    TIM_ICInit                               0x08007d2b   Thumb Code   150  stm32f10x_tim.o(.text)
    TIM_PWMIConfig                           0x08007dc1   Thumb Code   124  stm32f10x_tim.o(.text)
    TIM_BDTRConfig                           0x08007e3d   Thumb Code    32  stm32f10x_tim.o(.text)
    TIM_TimeBaseStructInit                   0x08007e5d   Thumb Code    18  stm32f10x_tim.o(.text)
    TIM_OCStructInit                         0x08007e6f   Thumb Code    20  stm32f10x_tim.o(.text)
    TIM_ICStructInit                         0x08007e83   Thumb Code    18  stm32f10x_tim.o(.text)
    TIM_BDTRStructInit                       0x08007e95   Thumb Code    40  stm32f10x_tim.o(.text)
    TIM_Cmd                                  0x08007ebd   Thumb Code    24  stm32f10x_tim.o(.text)
    TIM_CtrlPWMOutputs                       0x08007ed5   Thumb Code    30  stm32f10x_tim.o(.text)
    TIM_ITConfig                             0x08007ef3   Thumb Code    18  stm32f10x_tim.o(.text)
    TIM_GenerateEvent                        0x08007f05   Thumb Code     4  stm32f10x_tim.o(.text)
    TIM_DMAConfig                            0x08007f09   Thumb Code    10  stm32f10x_tim.o(.text)
    TIM_DMACmd                               0x08007f13   Thumb Code    18  stm32f10x_tim.o(.text)
    TIM_InternalClockConfig                  0x08007f25   Thumb Code    12  stm32f10x_tim.o(.text)
    TIM_SelectInputTrigger                   0x08007f31   Thumb Code    18  stm32f10x_tim.o(.text)
    TIM_ITRxExternalClockConfig              0x08007f43   Thumb Code    24  stm32f10x_tim.o(.text)
    TIM_TIxExternalClockConfig               0x08007f5b   Thumb Code    62  stm32f10x_tim.o(.text)
    TIM_ETRConfig                            0x08007f99   Thumb Code    28  stm32f10x_tim.o(.text)
    TIM_ETRClockMode1Config                  0x08007fb5   Thumb Code    54  stm32f10x_tim.o(.text)
    TIM_ETRClockMode2Config                  0x08007feb   Thumb Code    32  stm32f10x_tim.o(.text)
    TIM_PrescalerConfig                      0x0800800b   Thumb Code     6  stm32f10x_tim.o(.text)
    TIM_CounterModeConfig                    0x08008011   Thumb Code    18  stm32f10x_tim.o(.text)
    TIM_EncoderInterfaceConfig               0x08008023   Thumb Code    66  stm32f10x_tim.o(.text)
    TIM_ForcedOC1Config                      0x08008065   Thumb Code    18  stm32f10x_tim.o(.text)
    TIM_ForcedOC2Config                      0x08008077   Thumb Code    26  stm32f10x_tim.o(.text)
    TIM_ForcedOC3Config                      0x08008091   Thumb Code    18  stm32f10x_tim.o(.text)
    TIM_ForcedOC4Config                      0x080080a3   Thumb Code    26  stm32f10x_tim.o(.text)
    TIM_ARRPreloadConfig                     0x080080bd   Thumb Code    24  stm32f10x_tim.o(.text)
    TIM_SelectCOM                            0x080080d5   Thumb Code    24  stm32f10x_tim.o(.text)
    TIM_SelectCCDMA                          0x080080ed   Thumb Code    24  stm32f10x_tim.o(.text)
    TIM_CCPreloadControl                     0x08008105   Thumb Code    24  stm32f10x_tim.o(.text)
    TIM_OC1PreloadConfig                     0x0800811d   Thumb Code    18  stm32f10x_tim.o(.text)
    TIM_OC2PreloadConfig                     0x0800812f   Thumb Code    26  stm32f10x_tim.o(.text)
    TIM_OC3PreloadConfig                     0x08008149   Thumb Code    18  stm32f10x_tim.o(.text)
    TIM_OC4PreloadConfig                     0x0800815b   Thumb Code    26  stm32f10x_tim.o(.text)
    TIM_OC1FastConfig                        0x08008175   Thumb Code    18  stm32f10x_tim.o(.text)
    TIM_OC2FastConfig                        0x08008187   Thumb Code    26  stm32f10x_tim.o(.text)
    TIM_OC3FastConfig                        0x080081a1   Thumb Code    18  stm32f10x_tim.o(.text)
    TIM_OC4FastConfig                        0x080081b3   Thumb Code    26  stm32f10x_tim.o(.text)
    TIM_ClearOC1Ref                          0x080081cd   Thumb Code    18  stm32f10x_tim.o(.text)
    TIM_ClearOC2Ref                          0x080081df   Thumb Code    24  stm32f10x_tim.o(.text)
    TIM_ClearOC3Ref                          0x080081f7   Thumb Code    18  stm32f10x_tim.o(.text)
    TIM_ClearOC4Ref                          0x08008209   Thumb Code    24  stm32f10x_tim.o(.text)
    TIM_OC1PolarityConfig                    0x08008221   Thumb Code    18  stm32f10x_tim.o(.text)
    TIM_OC1NPolarityConfig                   0x08008233   Thumb Code    18  stm32f10x_tim.o(.text)
    TIM_OC2PolarityConfig                    0x08008245   Thumb Code    26  stm32f10x_tim.o(.text)
    TIM_OC2NPolarityConfig                   0x0800825f   Thumb Code    26  stm32f10x_tim.o(.text)
    TIM_OC3PolarityConfig                    0x08008279   Thumb Code    26  stm32f10x_tim.o(.text)
    TIM_OC3NPolarityConfig                   0x08008293   Thumb Code    26  stm32f10x_tim.o(.text)
    TIM_OC4PolarityConfig                    0x080082ad   Thumb Code    26  stm32f10x_tim.o(.text)
    TIM_CCxCmd                               0x080082c7   Thumb Code    30  stm32f10x_tim.o(.text)
    TIM_CCxNCmd                              0x080082e5   Thumb Code    30  stm32f10x_tim.o(.text)
    TIM_SelectOCxM                           0x08008303   Thumb Code    82  stm32f10x_tim.o(.text)
    TIM_UpdateDisableConfig                  0x08008355   Thumb Code    24  stm32f10x_tim.o(.text)
    TIM_UpdateRequestConfig                  0x0800836d   Thumb Code    24  stm32f10x_tim.o(.text)
    TIM_SelectHallSensor                     0x08008385   Thumb Code    24  stm32f10x_tim.o(.text)
    TIM_SelectOnePulseMode                   0x0800839d   Thumb Code    18  stm32f10x_tim.o(.text)
    TIM_SelectOutputTrigger                  0x080083af   Thumb Code    18  stm32f10x_tim.o(.text)
    TIM_SelectSlaveMode                      0x080083c1   Thumb Code    18  stm32f10x_tim.o(.text)
    TIM_SelectMasterSlaveMode                0x080083d3   Thumb Code    18  stm32f10x_tim.o(.text)
    TIM_SetCounter                           0x080083e5   Thumb Code     4  stm32f10x_tim.o(.text)
    TIM_SetAutoreload                        0x080083e9   Thumb Code     4  stm32f10x_tim.o(.text)
    TIM_SetCompare1                          0x080083ed   Thumb Code     4  stm32f10x_tim.o(.text)
    TIM_SetCompare2                          0x080083f1   Thumb Code     4  stm32f10x_tim.o(.text)
    TIM_SetCompare3                          0x080083f5   Thumb Code     4  stm32f10x_tim.o(.text)
    TIM_SetCompare4                          0x080083f9   Thumb Code     6  stm32f10x_tim.o(.text)
    TIM_SetClockDivision                     0x080083ff   Thumb Code    18  stm32f10x_tim.o(.text)
    TIM_GetCapture1                          0x08008411   Thumb Code     6  stm32f10x_tim.o(.text)
    TIM_GetCapture2                          0x08008417   Thumb Code     6  stm32f10x_tim.o(.text)
    TIM_GetCapture3                          0x0800841d   Thumb Code     6  stm32f10x_tim.o(.text)
    TIM_GetCapture4                          0x08008423   Thumb Code     8  stm32f10x_tim.o(.text)
    TIM_GetCounter                           0x0800842b   Thumb Code     6  stm32f10x_tim.o(.text)
    TIM_GetPrescaler                         0x08008431   Thumb Code     6  stm32f10x_tim.o(.text)
    TIM_GetFlagStatus                        0x08008437   Thumb Code    18  stm32f10x_tim.o(.text)
    TIM_ClearFlag                            0x08008449   Thumb Code     6  stm32f10x_tim.o(.text)
    TIM_GetITStatus                          0x0800844f   Thumb Code    34  stm32f10x_tim.o(.text)
    TIM_ClearITPendingBit                    0x08008471   Thumb Code     6  stm32f10x_tim.o(.text)
    BODY_HW_Init                             0x08008479   Thumb Code    32  body_hw.o(.text)
    BODY_HW_GetData                          0x08008499   Thumb Code    16  body_hw.o(.text)
    usmart_sys_cmd_exe                       0x080084ad   Thumb Code  1554  usmart.o(.text)
    usmart_reset_runtime                     0x08008abf   Thumb Code    38  usmart.o(.text)
    usmart_get_runtime                       0x08008ae5   Thumb Code    60  usmart.o(.text)
    TIM4_IRQHandler                          0x08008b21   Thumb Code    46  usmart.o(.text)
    Timer4_Init                              0x08008b4f   Thumb Code    88  usmart.o(.text)
    usmart_init                              0x08008ba7   Thumb Code    36  usmart.o(.text)
    usmart_cmd_rec                           0x08008bcb   Thumb Code   170  usmart.o(.text)
    usmart_exe                               0x08008c75   Thumb Code   870  usmart.o(.text)
    usmart_scan                              0x08008fdb   Thumb Code   120  usmart.o(.text)
    read_addr                                0x08009053   Thumb Code     6  usmart.o(.text)
    write_addr                               0x08009059   Thumb Code     4  usmart.o(.text)
    usmart_strcmp                            0x080090e5   Thumb Code    34  usmart_str.o(.text)
    usmart_strcopy                           0x08009107   Thumb Code    22  usmart_str.o(.text)
    usmart_strlen                            0x0800911d   Thumb Code    24  usmart_str.o(.text)
    usmart_pow                               0x08009135   Thumb Code    22  usmart_str.o(.text)
    usmart_str2num                           0x0800914b   Thumb Code   202  usmart_str.o(.text)
    usmart_get_cmdname                       0x08009215   Thumb Code    54  usmart_str.o(.text)
    usmart_search_nextc                      0x0800924b   Thumb Code    22  usmart_str.o(.text)
    usmart_get_fname                         0x08009261   Thumb Code   440  usmart_str.o(.text)
    usmart_get_aparm                         0x08009419   Thumb Code   200  usmart_str.o(.text)
    usmart_get_parmpos                       0x080094e1   Thumb Code    26  usmart_str.o(.text)
    usmart_get_fparam                        0x080094fb   Thumb Code   262  usmart_str.o(.text)
    gizProtocolSum                           0x0800960d   Thumb Code    38  common.o(.text)
    exchangeBytes                            0x08009633   Thumb Code    26  common.o(.text)
    exchangeWord                             0x0800964d   Thumb Code    26  common.o(.text)
    char2hex                                 0x08009667   Thumb Code   106  common.o(.text)
    checkStringIsNotZero                     0x080096d1   Thumb Code    46  common.o(.text)
    returnWeekDay                            0x080096ff   Thumb Code   156  common.o(.text)
    returnNtp2Wt                             0x080097e7   Thumb Code   274  common.o(.text)
    str2Hex                                  0x080098f9   Thumb Code    80  common.o(.text)
    hex2Str                                  0x08009949   Thumb Code    82  common.o(.text)
    gizByteOrderExchange                     0x080099a5   Thumb Code    50  datapointtools.o(.text)
    gizY2X                                   0x080099d7   Thumb Code    14  datapointtools.o(.text)
    gizX2Y                                   0x080099e5   Thumb Code    12  datapointtools.o(.text)
    gizY2XFloat                              0x080099f1   Thumb Code    42  datapointtools.o(.text)
    gizX2YFloat                              0x08009a1b   Thumb Code    42  datapointtools.o(.text)
    gizAcrossByteJudge                       0x08009a45   Thumb Code    42  datapointtools.o(.text)
    gizVarlenCompressValue                   0x08009a6f   Thumb Code   124  datapointtools.o(.text)
    gizVarlenDecompressionValue              0x08009aeb   Thumb Code   196  datapointtools.o(.text)
    gizStandardDecompressionValue            0x08009baf   Thumb Code   194  datapointtools.o(.text)
    gizStandardCompressValue                 0x08009c71   Thumb Code   128  datapointtools.o(.text)
    rbCreate                                 0x08009cf1   Thumb Code    22  ringbuffer.o(.text)
    rbDelete                                 0x08009d07   Thumb Code    24  ringbuffer.o(.text)
    rbCapacity                               0x08009d1f   Thumb Code    14  ringbuffer.o(.text)
    rbCanRead                                0x08009d2d   Thumb Code    56  ringbuffer.o(.text)
    rbCanWrite                               0x08009d65   Thumb Code    30  ringbuffer.o(.text)
    rbRead                                   0x08009d83   Thumb Code   162  ringbuffer.o(.text)
    rbWrite                                  0x08009e25   Thumb Code   154  ringbuffer.o(.text)
    gizwitsEventProcess                      0x08009ec1   Thumb Code   222  gizwits_product.o(.text)
    userHandle                               0x08009f9f   Thumb Code    20  gizwits_product.o(.text)
    userInit                                 0x08009fb3   Thumb Code    26  gizwits_product.o(.text)
    gizTimerMs                               0x08009fcd   Thumb Code    12  gizwits_product.o(.text)
    gizGetTimerCount                         0x08009fd9   Thumb Code     6  gizwits_product.o(.text)
    mcuRestart                               0x08009fdf   Thumb Code    38  gizwits_product.o(.text)
    TIMER_IRQ_FUN                            0x0800a005   Thumb Code     8  gizwits_product.o(.text)
    UART_IRQ_FUN                             0x0800a00d   Thumb Code    16  gizwits_product.o(.text)
    uartWrite                                0x0800a01d   Thumb Code    82  gizwits_product.o(.text)
    gizPutData                               0x0800a129   Thumb Code    52  gizwits_protocol.o(.text)
    calculateDynamicBitPartLen               0x0800a1c5   Thumb Code    40  gizwits_protocol.o(.text)
    gizwitsInit                              0x0800b457   Thumb Code    46  gizwits_protocol.o(.text)
    gizwitsSetMode                           0x0800b485   Thumb Code   896  gizwits_protocol.o(.text)
    gizwitsGetNTP                            0x0800b805   Thumb Code    90  gizwits_protocol.o(.text)
    gizwitsGetModuleInfo                     0x0800b85f   Thumb Code    96  gizwits_protocol.o(.text)
    gizwitsHandle                            0x0800b901   Thumb Code   540  gizwits_protocol.o(.text)
    gizwitsPassthroughData                   0x0800bb1d   Thumb Code   162  gizwits_protocol.o(.text)
    __use_no_semihosting                     0x0800bd31   Thumb Code     2  use_no_semi_2.o(.text)
    free                                     0x0800bd33   Thumb Code    78  h1_free.o(.text)
    toupper                                  0x0800bd81   Thumb Code    30  toupper.o(.text)
    __2printf                                0x0800bda1   Thumb Code    20  noretval__2printf.o(.text)
    _printf_pre_padding                      0x0800bdb9   Thumb Code    44  _printf_pad.o(.text)
    _printf_post_padding                     0x0800bde5   Thumb Code    34  _printf_pad.o(.text)
    _printf_str                              0x0800be07   Thumb Code    82  _printf_str.o(.text)
    _printf_int_dec                          0x0800be59   Thumb Code   104  _printf_dec.o(.text)
    _printf_int_hex                          0x0800bed1   Thumb Code    84  _printf_hex_int.o(.text)
    _printf_longlong_hex                     0x0800bed1   Thumb Code     0  _printf_hex_int.o(.text)
    __printf                                 0x0800bf29   Thumb Code   388  __printf_flags_ss_wp.o(.text)
    strlen                                   0x0800c0b1   Thumb Code    62  strlen.o(.text)
    __aeabi_memcpy                           0x0800c0ef   Thumb Code     0  rt_memcpy_v6.o(.text)
    __rt_memcpy                              0x0800c0ef   Thumb Code   138  rt_memcpy_v6.o(.text)
    _memcpy_lastbytes                        0x0800c155   Thumb Code     0  rt_memcpy_v6.o(.text)
    __aeabi_memcpy4                          0x0800c179   Thumb Code     0  rt_memcpy_w.o(.text)
    __aeabi_memcpy8                          0x0800c179   Thumb Code     0  rt_memcpy_w.o(.text)
    __rt_memcpy_w                            0x0800c179   Thumb Code   100  rt_memcpy_w.o(.text)
    _memcpy_lastbytes_aligned                0x0800c1c1   Thumb Code     0  rt_memcpy_w.o(.text)
    __aeabi_memset                           0x0800c1dd   Thumb Code    16  aeabi_memset.o(.text)
    __aeabi_memclr                           0x0800c1ed   Thumb Code     0  rt_memclr.o(.text)
    __rt_memclr                              0x0800c1ed   Thumb Code    68  rt_memclr.o(.text)
    _memset                                  0x0800c1f1   Thumb Code     0  rt_memclr.o(.text)
    __aeabi_memclr4                          0x0800c231   Thumb Code     0  rt_memclr_w.o(.text)
    __aeabi_memclr8                          0x0800c231   Thumb Code     0  rt_memclr_w.o(.text)
    __rt_memclr_w                            0x0800c231   Thumb Code    78  rt_memclr_w.o(.text)
    _memset_w                                0x0800c235   Thumb Code     0  rt_memclr_w.o(.text)
    __use_two_region_memory                  0x0800c27f   Thumb Code     2  heapauxi.o(.text)
    __rt_heap_escrow                         0x0800c281   Thumb Code     2  heapauxi.o(.text)
    __rt_heap_expand                         0x0800c283   Thumb Code     2  heapauxi.o(.text)
    __I$use$semihosting                      0x0800c285   Thumb Code     0  use_no_semi.o(.text)
    __use_no_semihosting_swi                 0x0800c285   Thumb Code     2  use_no_semi.o(.text)
    __rt_ctype_table                         0x0800c289   Thumb Code    16  rt_ctype_table.o(.text)
    __rt_heap_descriptor                     0x0800c299   Thumb Code     8  rt_heap_descriptor_intlibspace.o(.text)
    _printf_int_common                       0x0800c2a1   Thumb Code   178  _printf_intcommon.o(.text)
    _printf_cs_common                        0x0800c353   Thumb Code    20  _printf_char.o(.text)
    _printf_char                             0x0800c367   Thumb Code    16  _printf_char.o(.text)
    _printf_string                           0x0800c377   Thumb Code     8  _printf_char.o(.text)
    _printf_char_file                        0x0800c381   Thumb Code    32  _printf_char_file.o(.text)
    __user_libspace                          0x0800c3a5   Thumb Code     8  libspace.o(.text)
    __user_perproc_libspace                  0x0800c3a5   Thumb Code     0  libspace.o(.text)
    __user_perthread_libspace                0x0800c3a5   Thumb Code     0  libspace.o(.text)
    __rt_locale                              0x0800c3ad   Thumb Code     8  rt_locale_intlibspace.o(.text)
    _printf_char_common                      0x0800c3bf   Thumb Code    32  _printf_char_common.o(.text)
    ferror                                   0x0800c3e5   Thumb Code     8  ferror.o(.text)
    __user_setup_stackheap                   0x0800c3ed   Thumb Code    74  sys_stackheap_outer.o(.text)
    exit                                     0x0800c437   Thumb Code    12  exit.o(.text)
    strcmp                                   0x0800c445   Thumb Code   128  strcmpv7m.o(.text)
    _is_digit                                0x0800c4c5   Thumb Code    14  __printf_wp.o(i._is_digit)
    _get_lc_ctype                            0x0800c4d5   Thumb Code    44  lc_ctype_c.o(locale$$code)
    __aeabi_dadd                             0x0800c501   Thumb Code     0  daddsub_clz.o(x$fpl$dadd)
    _dadd                                    0x0800c501   Thumb Code   332  daddsub_clz.o(x$fpl$dadd)
    __aeabi_ddiv                             0x0800c651   Thumb Code     0  ddiv.o(x$fpl$ddiv)
    _ddiv                                    0x0800c651   Thumb Code   552  ddiv.o(x$fpl$ddiv)
    __aeabi_d2iz                             0x0800c901   Thumb Code     0  dfix.o(x$fpl$dfix)
    _dfix                                    0x0800c901   Thumb Code    94  dfix.o(x$fpl$dfix)
    __aeabi_d2uiz                            0x0800c961   Thumb Code     0  dfixu.o(x$fpl$dfixu)
    _dfixu                                   0x0800c961   Thumb Code    90  dfixu.o(x$fpl$dfixu)
    __aeabi_ui2d                             0x0800c9bb   Thumb Code     0  dflt_clz.o(x$fpl$dfltu)
    _dfltu                                   0x0800c9bb   Thumb Code    38  dflt_clz.o(x$fpl$dfltu)
    __aeabi_dmul                             0x0800c9e1   Thumb Code     0  dmul.o(x$fpl$dmul)
    _dmul                                    0x0800c9e1   Thumb Code   332  dmul.o(x$fpl$dmul)
    __fpl_dnaninf                            0x0800cb35   Thumb Code   156  dnaninf.o(x$fpl$dnaninf)
    __fpl_dretinf                            0x0800cbd1   Thumb Code    12  dretinf.o(x$fpl$dretinf)
    __aeabi_dsub                             0x0800cbdd   Thumb Code     0  daddsub_clz.o(x$fpl$dsub)
    _dsub                                    0x0800cbdd   Thumb Code   464  daddsub_clz.o(x$fpl$dsub)
    __aeabi_f2d                              0x0800cdb1   Thumb Code     0  f2d.o(x$fpl$f2d)
    _f2d                                     0x0800cdb1   Thumb Code    86  f2d.o(x$fpl$f2d)
    __aeabi_fadd                             0x0800ce09   Thumb Code     0  faddsub_clz.o(x$fpl$fadd)
    _fadd                                    0x0800ce09   Thumb Code   196  faddsub_clz.o(x$fpl$fadd)
    __aeabi_fdiv                             0x0800cecd   Thumb Code     0  fdiv.o(x$fpl$fdiv)
    _fdiv                                    0x0800cecd   Thumb Code   384  fdiv.o(x$fpl$fdiv)
    __aeabi_f2uiz                            0x0800d051   Thumb Code     0  ffixu.o(x$fpl$ffixu)
    _ffixu                                   0x0800d051   Thumb Code    62  ffixu.o(x$fpl$ffixu)
    __aeabi_ui2f                             0x0800d091   Thumb Code     0  fflt_clz.o(x$fpl$ffltu)
    _ffltu                                   0x0800d091   Thumb Code    38  fflt_clz.o(x$fpl$ffltu)
    __aeabi_fmul                             0x0800d0b9   Thumb Code     0  fmul.o(x$fpl$fmul)
    _fmul                                    0x0800d0b9   Thumb Code   258  fmul.o(x$fpl$fmul)
    __fpl_fnaninf                            0x0800d1bb   Thumb Code   140  fnaninf.o(x$fpl$fnaninf)
    __fpl_fretinf                            0x0800d247   Thumb Code    10  fretinf.o(x$fpl$fretinf)
    __aeabi_fsub                             0x0800d251   Thumb Code     0  faddsub_clz.o(x$fpl$fsub)
    _fsub                                    0x0800d251   Thumb Code   234  faddsub_clz.o(x$fpl$fsub)
    __I$use$fp                               0x0800d33a   Number         0  usenofp.o(x$fpl$usenofp)
    asc2_1206                                0x0800d33a   Data        1140  lcd.o(.constdata)
    asc2_1608                                0x0800d7ae   Data        1520  lcd.o(.constdata)
    asc2_2412                                0x0800dd9e   Data        3420  lcd.o(.constdata)
    table_week                               0x0800eafa   Data          12  rtc.o(.constdata)
    mon_table                                0x0800eb06   Data          12  rtc.o(.constdata)
    Region$$Table$$Base                      0x0800ec50   Number         0  anon$$obj.o(Region$$Table)
    Region$$Table$$Limit                     0x0800ec70   Number         0  anon$$obj.o(Region$$Table)
    __ctype                                  0x0800ec7d   Data           0  lc_ctype_c.o(locale$$data)
    current_hour                             0x20000000   Data           4  main.o(.data)
    kaiguan                                  0x20000004   Data           4  main.o(.data)
    value                                    0x20000008   Data           2  main.o(.data)
    pre_value                                0x2000000a   Data           2  main.o(.data)
    light_value                              0x2000000c   Data           1  main.o(.data)
    t                                        0x2000000d   Data           1  main.o(.data)
    adcx                                     0x2000000e   Data           1  main.o(.data)
    SystemCoreClock                          0x20000010   Data           4  system_stm32f10x.o(.data)
    AHBPrescTable                            0x20000014   Data          16  system_stm32f10x.o(.data)
    POINT_COLOR                              0x20000024   Data           2  lcd.o(.data)
    BACK_COLOR                               0x20000026   Data           2  lcd.o(.data)
    __stdout                                 0x20000030   Data           4  usart.o(.data)
    USART_RX_STA                             0x20000034   Data           2  usart.o(.data)
    sys_cmd_tab                              0x2000004c   Data          28  usmart.o(.data)
    usmart_nametab                           0x20000068   Data          40  usmart_config.o(.data)
    usmart_dev                               0x20000090   Data         244  usmart_config.o(.data)
    lcddev                                   0x20000198   Data          14  lcd.o(.bss)
    calendar                                 0x200001a6   Data          10  rtc.o(.bss)
    USART_RX_BUF                             0x200001b0   Data         200  usart.o(.bss)
    currentDataPoint                         0x20000278   Data           9  gizwits_product.o(.bss)
    gizwitsProtocol                          0x20000284   Data         372  gizwits_protocol.o(.bss)
    pRb                                      0x200003f8   Data          16  gizwits_protocol.o(.bss)
    __libspace_start                         0x20000474   Data          96  libspace.o(.bss)
    __temporary_stack_top$libspace           0x200004d4   Data           0  libspace.o(.bss)



==============================================================================

Memory Map of the image

  Image Entry point : 0x08000131

  Load Region LR_IROM1 (Base: 0x08000000, Size: 0x0000ef18, Max: 0x00080000, ABSOLUTE, COMPRESSED[0x0000edec])

    Execution Region ER_IROM1 (Base: 0x08000000, Size: 0x0000ed80, Max: 0x00080000, ABSOLUTE)

    Base Addr    Size         Type   Attr      Idx    E Section Name        Object

    0x08000000   0x00000130   Data   RO          538    RESET               startup_stm32f10x_hd.o
    0x08000130   0x00000008   Code   RO         1092  * !!!main             c_w.l(__main.o)
    0x08000138   0x00000034   Code   RO         1384    !!!scatter          c_w.l(__scatter.o)
    0x0800016c   0x0000005a   Code   RO         1382    !!dczerorl2         c_w.l(__dczerorl2.o)
    0x080001c6   0x00000002   PAD
    0x080001c8   0x0000001c   Code   RO         1386    !!handler_zi        c_w.l(__scatter_zi.o)
    0x080001e4   0x00000000   Code   RO         1077    .ARM.Collect$$_printf_percent$$00000000  c_w.l(_printf_percent.o)
    0x080001e4   0x00000006   Code   RO         1075    .ARM.Collect$$_printf_percent$$00000009  c_w.l(_printf_d.o)
    0x080001ea   0x00000006   Code   RO         1076    .ARM.Collect$$_printf_percent$$0000000A  c_w.l(_printf_u.o)
    0x080001f0   0x00000006   Code   RO         1074    .ARM.Collect$$_printf_percent$$0000000C  c_w.l(_printf_x.o)
    0x080001f6   0x00000006   Code   RO         1072    .ARM.Collect$$_printf_percent$$00000013  c_w.l(_printf_c.o)
    0x080001fc   0x00000006   Code   RO         1073    .ARM.Collect$$_printf_percent$$00000014  c_w.l(_printf_s.o)
    0x08000202   0x00000004   Code   RO         1184    .ARM.Collect$$_printf_percent$$00000017  c_w.l(_printf_percent_end.o)
    0x08000206   0x00000002   Code   RO         1317    .ARM.Collect$$libinit$$00000000  c_w.l(libinit.o)
    0x08000208   0x00000000   Code   RO         1246    .ARM.Collect$$libinit$$00000002  c_w.l(libinit2.o)
    0x08000208   0x00000000   Code   RO         1248    .ARM.Collect$$libinit$$00000004  c_w.l(libinit2.o)
    0x08000208   0x00000000   Code   RO         1251    .ARM.Collect$$libinit$$0000000A  c_w.l(libinit2.o)
    0x08000208   0x00000000   Code   RO         1253    .ARM.Collect$$libinit$$0000000C  c_w.l(libinit2.o)
    0x08000208   0x00000000   Code   RO         1255    .ARM.Collect$$libinit$$0000000E  c_w.l(libinit2.o)
    0x08000208   0x00000006   Code   RO         1256    .ARM.Collect$$libinit$$0000000F  c_w.l(libinit2.o)
    0x0800020e   0x00000000   Code   RO         1258    .ARM.Collect$$libinit$$00000011  c_w.l(libinit2.o)
    0x0800020e   0x0000000c   Code   RO         1259    .ARM.Collect$$libinit$$00000012  c_w.l(libinit2.o)
    0x0800021a   0x00000000   Code   RO         1260    .ARM.Collect$$libinit$$00000013  c_w.l(libinit2.o)
    0x0800021a   0x00000000   Code   RO         1262    .ARM.Collect$$libinit$$00000015  c_w.l(libinit2.o)
    0x0800021a   0x00000000   Code   RO         1264    .ARM.Collect$$libinit$$00000017  c_w.l(libinit2.o)
    0x0800021a   0x00000000   Code   RO         1266    .ARM.Collect$$libinit$$00000019  c_w.l(libinit2.o)
    0x0800021a   0x00000000   Code   RO         1268    .ARM.Collect$$libinit$$0000001B  c_w.l(libinit2.o)
    0x0800021a   0x00000000   Code   RO         1270    .ARM.Collect$$libinit$$0000001D  c_w.l(libinit2.o)
    0x0800021a   0x00000000   Code   RO         1272    .ARM.Collect$$libinit$$0000001F  c_w.l(libinit2.o)
    0x0800021a   0x00000000   Code   RO         1274    .ARM.Collect$$libinit$$00000021  c_w.l(libinit2.o)
    0x0800021a   0x00000000   Code   RO         1276    .ARM.Collect$$libinit$$00000023  c_w.l(libinit2.o)
    0x0800021a   0x00000000   Code   RO         1278    .ARM.Collect$$libinit$$00000025  c_w.l(libinit2.o)
    0x0800021a   0x00000000   Code   RO         1282    .ARM.Collect$$libinit$$0000002C  c_w.l(libinit2.o)
    0x0800021a   0x00000000   Code   RO         1284    .ARM.Collect$$libinit$$0000002E  c_w.l(libinit2.o)
    0x0800021a   0x00000000   Code   RO         1286    .ARM.Collect$$libinit$$00000030  c_w.l(libinit2.o)
    0x0800021a   0x00000000   Code   RO         1288    .ARM.Collect$$libinit$$00000032  c_w.l(libinit2.o)
    0x0800021a   0x00000002   Code   RO         1289    .ARM.Collect$$libinit$$00000033  c_w.l(libinit2.o)
    0x0800021c   0x00000002   Code   RO         1379    .ARM.Collect$$libshutdown$$00000000  c_w.l(libshutdown.o)
    0x0800021e   0x00000000   Code   RO         1337    .ARM.Collect$$libshutdown$$00000003  c_w.l(libshutdown2.o)
    0x0800021e   0x00000000   Code   RO         1340    .ARM.Collect$$libshutdown$$00000006  c_w.l(libshutdown2.o)
    0x0800021e   0x00000000   Code   RO         1343    .ARM.Collect$$libshutdown$$00000009  c_w.l(libshutdown2.o)
    0x0800021e   0x00000000   Code   RO         1345    .ARM.Collect$$libshutdown$$0000000B  c_w.l(libshutdown2.o)
    0x0800021e   0x00000000   Code   RO         1348    .ARM.Collect$$libshutdown$$0000000E  c_w.l(libshutdown2.o)
    0x0800021e   0x00000002   Code   RO         1349    .ARM.Collect$$libshutdown$$0000000F  c_w.l(libshutdown2.o)
    0x08000220   0x00000000   Code   RO         1148    .ARM.Collect$$rtentry$$00000000  c_w.l(__rtentry.o)
    0x08000220   0x00000000   Code   RO         1198    .ARM.Collect$$rtentry$$00000002  c_w.l(__rtentry2.o)
    0x08000220   0x00000006   Code   RO         1210    .ARM.Collect$$rtentry$$00000004  c_w.l(__rtentry4.o)
    0x08000226   0x00000000   Code   RO         1200    .ARM.Collect$$rtentry$$00000009  c_w.l(__rtentry2.o)
    0x08000226   0x00000004   Code   RO         1201    .ARM.Collect$$rtentry$$0000000A  c_w.l(__rtentry2.o)
    0x0800022a   0x00000000   Code   RO         1203    .ARM.Collect$$rtentry$$0000000C  c_w.l(__rtentry2.o)
    0x0800022a   0x00000008   Code   RO         1204    .ARM.Collect$$rtentry$$0000000D  c_w.l(__rtentry2.o)
    0x08000232   0x00000002   Code   RO         1321    .ARM.Collect$$rtexit$$00000000  c_w.l(rtexit.o)
    0x08000234   0x00000000   Code   RO         1353    .ARM.Collect$$rtexit$$00000002  c_w.l(rtexit2.o)
    0x08000234   0x00000004   Code   RO         1354    .ARM.Collect$$rtexit$$00000003  c_w.l(rtexit2.o)
    0x08000238   0x00000006   Code   RO         1355    .ARM.Collect$$rtexit$$00000004  c_w.l(rtexit2.o)
    0x0800023e   0x00000002   PAD
    0x08000240   0x000003bc   Code   RO            1    .text               main.o
    0x080005fc   0x0000001a   Code   RO          184    .text               stm32f10x_it.o
    0x08000616   0x00000002   PAD
    0x08000618   0x000001e0   Code   RO          225    .text               system_stm32f10x.o
    0x080007f8   0x0000004c   Code   RO          243    .text               led.o
    0x08000844   0x00000230   Code   RO          255    .text               adc.o
    0x08000a74   0x00004a56   Code   RO          280    .text               lcd.o
    0x080054ca   0x00000002   PAD
    0x080054cc   0x00000068   Code   RO          303    .text               lsens.o
    0x08005534   0x00000474   Code   RO          315    .text               rtc.o
    0x080059a8   0x00000078   Code   RO          339    .text               timer.o
    0x08005a20   0x000000d0   Code   RO          357    .text               usart3.o
    0x08005af0   0x000000d4   Code   RO          369    .text               delay.o
    0x08005bc4   0x00000140   Code   RO          400    .text               usart.o
    0x08005d04   0x00000040   Code   RO          539    .text               startup_stm32f10x_hd.o
    0x08005d44   0x000000dc   Code   RO          543    .text               misc.o
    0x08005e20   0x0000044e   Code   RO          555    .text               stm32f10x_adc.o
    0x0800626e   0x00000002   PAD
    0x08006270   0x0000060c   Code   RO          567    .text               stm32f10x_fsmc.o
    0x0800687c   0x0000035c   Code   RO          579    .text               stm32f10x_gpio.o
    0x08006bd8   0x000003a4   Code   RO          591    .text               stm32f10x_rcc.o
    0x08006f7c   0x00000408   Code   RO          605    .text               stm32f10x_usart.o
    0x08007384   0x000000c4   Code   RO          617    .text               stm32f10x_bkp.o
    0x08007448   0x000000cc   Code   RO          749    .text               stm32f10x_pwr.o
    0x08007514   0x00000148   Code   RO          761    .text               stm32f10x_rtc.o
    0x0800765c   0x00000e1a   Code   RO          797    .text               stm32f10x_tim.o
    0x08008476   0x00000002   PAD
    0x08008478   0x00000034   Code   RO          821    .text               body_hw.o
    0x080084ac   0x00000c38   Code   RO          833    .text               usmart.o
    0x080090e4   0x00000528   Code   RO          862    .text               usmart_str.o
    0x0800960c   0x00000398   Code   RO          874    .text               common.o
    0x080099a4   0x0000034c   Code   RO          887    .text               datapointtools.o
    0x08009cf0   0x000001ce   Code   RO          902    .text               ringbuffer.o
    0x08009ebe   0x00000002   PAD
    0x08009ec0   0x00000268   Code   RO          917    .text               gizwits_product.o
    0x0800a128   0x00001c08   Code   RO          941    .text               gizwits_protocol.o
    0x0800bd30   0x00000002   Code   RO          959    .text               c_w.l(use_no_semi_2.o)
    0x0800bd32   0x0000004e   Code   RO          963    .text               c_w.l(h1_free.o)
    0x0800bd80   0x0000001e   Code   RO         1017    .text               c_w.l(toupper.o)
    0x0800bd9e   0x00000002   PAD
    0x0800bda0   0x00000018   Code   RO         1021    .text               c_w.l(noretval__2printf.o)
    0x0800bdb8   0x0000004e   Code   RO         1025    .text               c_w.l(_printf_pad.o)
    0x0800be06   0x00000052   Code   RO         1027    .text               c_w.l(_printf_str.o)
    0x0800be58   0x00000078   Code   RO         1029    .text               c_w.l(_printf_dec.o)
    0x0800bed0   0x00000058   Code   RO         1034    .text               c_w.l(_printf_hex_int.o)
    0x0800bf28   0x00000188   Code   RO         1069    .text               c_w.l(__printf_flags_ss_wp.o)
    0x0800c0b0   0x0000003e   Code   RO         1078    .text               c_w.l(strlen.o)
    0x0800c0ee   0x0000008a   Code   RO         1080    .text               c_w.l(rt_memcpy_v6.o)
    0x0800c178   0x00000064   Code   RO         1082    .text               c_w.l(rt_memcpy_w.o)
    0x0800c1dc   0x00000010   Code   RO         1084    .text               c_w.l(aeabi_memset.o)
    0x0800c1ec   0x00000044   Code   RO         1086    .text               c_w.l(rt_memclr.o)
    0x0800c230   0x0000004e   Code   RO         1088    .text               c_w.l(rt_memclr_w.o)
    0x0800c27e   0x00000006   Code   RO         1090    .text               c_w.l(heapauxi.o)
    0x0800c284   0x00000002   Code   RO         1144    .text               c_w.l(use_no_semi.o)
    0x0800c286   0x00000002   PAD
    0x0800c288   0x00000010   Code   RO         1149    .text               c_w.l(rt_ctype_table.o)
    0x0800c298   0x00000008   Code   RO         1154    .text               c_w.l(rt_heap_descriptor_intlibspace.o)
    0x0800c2a0   0x000000b2   Code   RO         1178    .text               c_w.l(_printf_intcommon.o)
    0x0800c352   0x0000002c   Code   RO         1180    .text               c_w.l(_printf_char.o)
    0x0800c37e   0x00000002   PAD
    0x0800c380   0x00000024   Code   RO         1182    .text               c_w.l(_printf_char_file.o)
    0x0800c3a4   0x00000008   Code   RO         1194    .text               c_w.l(libspace.o)
    0x0800c3ac   0x00000008   Code   RO         1215    .text               c_w.l(rt_locale_intlibspace.o)
    0x0800c3b4   0x00000030   Code   RO         1227    .text               c_w.l(_printf_char_common.o)
    0x0800c3e4   0x00000008   Code   RO         1229    .text               c_w.l(ferror.o)
    0x0800c3ec   0x0000004a   Code   RO         1292    .text               c_w.l(sys_stackheap_outer.o)
    0x0800c436   0x0000000c   Code   RO         1302    .text               c_w.l(exit.o)
    0x0800c442   0x00000002   PAD
    0x0800c444   0x00000080   Code   RO         1308    .text               c_w.l(strcmpv7m.o)
    0x0800c4c4   0x0000000e   Code   RO         1062    i._is_digit         c_w.l(__printf_wp.o)
    0x0800c4d2   0x00000002   PAD
    0x0800c4d4   0x0000002c   Code   RO         1234    locale$$code        c_w.l(lc_ctype_c.o)
    0x0800c500   0x00000150   Code   RO         1094    x$fpl$dadd          fz_ws.l(daddsub_clz.o)
    0x0800c650   0x000002b0   Code   RO         1101    x$fpl$ddiv          fz_ws.l(ddiv.o)
    0x0800c900   0x0000005e   Code   RO         1104    x$fpl$dfix          fz_ws.l(dfix.o)
    0x0800c95e   0x00000002   PAD
    0x0800c960   0x0000005a   Code   RO         1108    x$fpl$dfixu         fz_ws.l(dfixu.o)
    0x0800c9ba   0x00000026   Code   RO         1112    x$fpl$dfltu         fz_ws.l(dflt_clz.o)
    0x0800c9e0   0x00000154   Code   RO         1118    x$fpl$dmul          fz_ws.l(dmul.o)
    0x0800cb34   0x0000009c   Code   RO         1185    x$fpl$dnaninf       fz_ws.l(dnaninf.o)
    0x0800cbd0   0x0000000c   Code   RO         1187    x$fpl$dretinf       fz_ws.l(dretinf.o)
    0x0800cbdc   0x000001d4   Code   RO         1096    x$fpl$dsub          fz_ws.l(daddsub_clz.o)
    0x0800cdb0   0x00000056   Code   RO         1120    x$fpl$f2d           fz_ws.l(f2d.o)
    0x0800ce06   0x00000002   PAD
    0x0800ce08   0x000000c4   Code   RO         1122    x$fpl$fadd          fz_ws.l(faddsub_clz.o)
    0x0800cecc   0x00000184   Code   RO         1129    x$fpl$fdiv          fz_ws.l(fdiv.o)
    0x0800d050   0x0000003e   Code   RO         1132    x$fpl$ffixu         fz_ws.l(ffixu.o)
    0x0800d08e   0x00000002   PAD
    0x0800d090   0x00000026   Code   RO         1136    x$fpl$ffltu         fz_ws.l(fflt_clz.o)
    0x0800d0b6   0x00000002   PAD
    0x0800d0b8   0x00000102   Code   RO         1142    x$fpl$fmul          fz_ws.l(fmul.o)
    0x0800d1ba   0x0000008c   Code   RO         1189    x$fpl$fnaninf       fz_ws.l(fnaninf.o)
    0x0800d246   0x0000000a   Code   RO         1191    x$fpl$fretinf       fz_ws.l(fretinf.o)
    0x0800d250   0x000000ea   Code   RO         1124    x$fpl$fsub          fz_ws.l(faddsub_clz.o)
    0x0800d33a   0x00000000   Code   RO         1193    x$fpl$usenofp       fz_ws.l(usenofp.o)
    0x0800d33a   0x000017c0   Data   RO          282    .constdata          lcd.o
    0x0800eafa   0x00000018   Data   RO          317    .constdata          rtc.o
    0x0800eb12   0x00000002   PAD
    0x0800eb14   0x00000030   Data   RO          875    .constdata          common.o
    0x0800eb44   0x00000028   Data   RO         1035    .constdata          c_w.l(_printf_hex_int.o)
    0x0800eb6c   0x00000011   Data   RO         1070    .constdata          c_w.l(__printf_flags_ss_wp.o)
    0x0800eb7d   0x00000003   PAD
    0x0800eb80   0x00000028   Data   RO          834    .conststring        usmart.o
    0x0800eba8   0x000000a7   Data   RO          849    .conststring        usmart_config.o
    0x0800ec4f   0x00000001   PAD
    0x0800ec50   0x00000020   Data   RO         1380    Region$$Table       anon$$obj.o
    0x0800ec70   0x00000110   Data   RO         1233    locale$$data        c_w.l(lc_ctype_c.o)


    Execution Region RW_IRAM1 (Base: 0x20000000, Size: 0x00000ad8, Max: 0x00010000, ABSOLUTE, COMPRESSED[0x0000006c])

    Base Addr    Size         Type   Attr      Idx    E Section Name        Object

    0x20000000   0x0000000f   Data   RW            2    .data               main.o
    0x2000000f   0x00000001   PAD
    0x20000010   0x00000014   Data   RW          226    .data               system_stm32f10x.o
    0x20000024   0x00000004   Data   RW          283    .data               lcd.o
    0x20000028   0x00000002   Data   RW          318    .data               rtc.o
    0x2000002a   0x00000004   Data   RW          370    .data               delay.o
    0x2000002e   0x00000002   PAD
    0x20000030   0x00000006   Data   RW          402    .data               usart.o
    0x20000036   0x00000014   Data   RW          592    .data               stm32f10x_rcc.o
    0x2000004a   0x00000002   PAD
    0x2000004c   0x0000001c   Data   RW          835    .data               usmart.o
    0x20000068   0x0000011c   Data   RW          850    .data               usmart_config.o
    0x20000184   0x00000004   Data   RW          919    .data               gizwits_product.o
    0x20000188   0x00000010   Data   RW          943    .data               gizwits_protocol.o
    0x20000198   0x0000000e   Zero   RW          281    .bss                lcd.o
    0x200001a6   0x0000000a   Zero   RW          316    .bss                rtc.o
    0x200001b0   0x000000c8   Zero   RW          401    .bss                usart.o
    0x20000278   0x00000009   Zero   RW          918    .bss                gizwits_product.o
    0x20000281   0x00000003   PAD
    0x20000284   0x000001f0   Zero   RW          942    .bss                gizwits_protocol.o
    0x20000474   0x00000060   Zero   RW         1195    .bss                c_w.l(libspace.o)
    0x200004d4   0x00000004   PAD
    0x200004d8   0x00000200   Zero   RW          537    HEAP                startup_stm32f10x_hd.o
    0x200006d8   0x00000400   Zero   RW          536    STACK               startup_stm32f10x_hd.o


==============================================================================

Image component sizes


      Code (inc. data)   RO Data    RW Data    ZI Data      Debug   Object Name

       560         36          0          0          0       1880   adc.o
        52          4          0          0          0        643   body_hw.o
       920         10         48          0          0       4017   common.o
       844          0          0          0          0       5014   datapointtools.o
       212         18          0          4          0        971   delay.o
       616        204          0          4          9      18144   gizwits_product.o
      7176       2096          0         16        496      12077   gizwits_protocol.o
     19030        162       6080          4         14      21614   lcd.o
        76          8          0          0          0        467   led.o
       104          6          0          0          0        691   lsens.o
       956        198          0         15          0     278827   main.o
       220         22          0          0          0       1745   misc.o
       462          0          0          0          0       2911   ringbuffer.o
      1140         60         24          2         10       5390   rtc.o
        64         26        304          0       1536        768   startup_stm32f10x_hd.o
      1102         26          0          0          0      10781   stm32f10x_adc.o
       196          8          0          0          0       3408   stm32f10x_bkp.o
      1548         18          0          0          0       5295   stm32f10x_fsmc.o
       860         38          0          0          0       5593   stm32f10x_gpio.o
        26          0          0          0          0       1154   stm32f10x_it.o
       204         14          0          0          0       1891   stm32f10x_pwr.o
       932         36          0         20          0       8740   stm32f10x_rcc.o
       328          4          0          0          0       2642   stm32f10x_rtc.o
      3610         88          0          0          0      22076   stm32f10x_tim.o
      1032         22          0          0          0       8316   stm32f10x_usart.o
         0          0          0          0          0         32   sys.o
       480         38          0         20          0       1659   system_stm32f10x.o
       120          4          0          0          0        744   timer.o
       320         18          0          6        200       3070   usart.o
       208          8          0          0          0        836   usart3.o
      3128       1288         40         28          0       4238   usmart.o
         0          0        167        284          0       1548   usmart_config.o
      1320         12          0          0          0       5001   usmart_str.o

    ----------------------------------------------------------------------
     47856       4472       6698        408       2268     442183   Object Totals
         0          0         32          0          0          0   (incl. Generated)
        10          0          3          5          3          0   (incl. Padding)

    ----------------------------------------------------------------------

      Code (inc. data)   RO Data    RW Data    ZI Data      Debug   Library Member Name

        90          0          0          0          0          0   __dczerorl2.o
         8          0          0          0          0         68   __main.o
       392          4         17          0          0         92   __printf_flags_ss_wp.o
        14          0          0          0          0         68   __printf_wp.o
         0          0          0          0          0          0   __rtentry.o
        12          0          0          0          0          0   __rtentry2.o
         6          0          0          0          0          0   __rtentry4.o
        52          8          0          0          0          0   __scatter.o
        28          0          0          0          0          0   __scatter_zi.o
         6          0          0          0          0          0   _printf_c.o
        44          0          0          0          0        108   _printf_char.o
        48          6          0          0          0         96   _printf_char_common.o
        36          4          0          0          0         80   _printf_char_file.o
         6          0          0          0          0          0   _printf_d.o
       120         16          0          0          0         92   _printf_dec.o
        88          4         40          0          0         88   _printf_hex_int.o
       178          0          0          0          0         88   _printf_intcommon.o
        78          0          0          0          0        108   _printf_pad.o
         0          0          0          0          0          0   _printf_percent.o
         4          0          0          0          0          0   _printf_percent_end.o
         6          0          0          0          0          0   _printf_s.o
        82          0          0          0          0         80   _printf_str.o
         6          0          0          0          0          0   _printf_u.o
         6          0          0          0          0          0   _printf_x.o
        16          0          0          0          0         68   aeabi_memset.o
        12          0          0          0          0         72   exit.o
         8          0          0          0          0         68   ferror.o
        78          0          0          0          0         80   h1_free.o
         6          0          0          0          0        152   heapauxi.o
        44         10        272          0          0         76   lc_ctype_c.o
         2          0          0          0          0          0   libinit.o
        20          0          0          0          0          0   libinit2.o
         2          0          0          0          0          0   libshutdown.o
         2          0          0          0          0          0   libshutdown2.o
         8          4          0          0         96         68   libspace.o
        24          4          0          0          0         84   noretval__2printf.o
        16          4          0          0          0         76   rt_ctype_table.o
         8          4          0          0          0         68   rt_heap_descriptor_intlibspace.o
         8          4          0          0          0         68   rt_locale_intlibspace.o
        68          0          0          0          0         68   rt_memclr.o
        78          0          0          0          0         80   rt_memclr_w.o
       138          0          0          0          0         68   rt_memcpy_v6.o
       100          0          0          0          0         80   rt_memcpy_w.o
         2          0          0          0          0          0   rtexit.o
        10          0          0          0          0          0   rtexit2.o
       128          0          0          0          0         68   strcmpv7m.o
        62          0          0          0          0         76   strlen.o
        74          0          0          0          0         80   sys_stackheap_outer.o
        30          0          0          0          0         76   toupper.o
         2          0          0          0          0         68   use_no_semi.o
         2          0          0          0          0         68   use_no_semi_2.o
       804         16          0          0          0        272   daddsub_clz.o
       688        140          0          0          0        208   ddiv.o
        94          4          0          0          0         92   dfix.o
        90          4          0          0          0         92   dfixu.o
        38          0          0          0          0         68   dflt_clz.o
       340         12          0          0          0        104   dmul.o
       156          4          0          0          0         92   dnaninf.o
        12          0          0          0          0         68   dretinf.o
        86          4          0          0          0         84   f2d.o
       430          8          0          0          0        168   faddsub_clz.o
       388         76          0          0          0         96   fdiv.o
        62          4          0          0          0         84   ffixu.o
        38          0          0          0          0         68   fflt_clz.o
       258          4          0          0          0         84   fmul.o
       140          4          0          0          0         84   fnaninf.o
        10          0          0          0          0         68   fretinf.o
         0          0          0          0          0          0   usenofp.o

    ----------------------------------------------------------------------
      5914        352        332          0        100       4312   Library Totals
        22          0          3          0          4          0   (incl. Padding)

    ----------------------------------------------------------------------

      Code (inc. data)   RO Data    RW Data    ZI Data      Debug   Library Name

      2258         72        329          0         96       2580   c_w.l
      3634        280          0          0          0       1732   fz_ws.l

    ----------------------------------------------------------------------
      5914        352        332          0        100       4312   Library Totals

    ----------------------------------------------------------------------

==============================================================================


      Code (inc. data)   RO Data    RW Data    ZI Data      Debug   

     53770       4824       7030        408       2368     440979   Grand Totals
     53770       4824       7030        108       2368     440979   ELF Image Totals (compressed)
     53770       4824       7030        108          0          0   ROM Totals

==============================================================================

    Total RO  Size (Code + RO Data)                60800 (  59.38kB)
    Total RW  Size (RW Data + ZI Data)              2776 (   2.71kB)
    Total ROM Size (Code + RO Data + RW Data)      60908 (  59.48kB)

==============================================================================

